../Core/Src/ili9341.c:12:13:DAL_SPI_ILI9341_Select	8	static
../Core/Src/ili9341.c:16:7:DAL_SPI_ILI9341_Unselect	8	static
../Core/Src/ili9341.c:20:13:DAL_SPI_ILI9341_Reset	8	static
../Core/Src/ili9341.c:26:13:DAL_SPI_ILI9341_WriteCommand	16	static
../Core/Src/ili9341.c:32:13:DAL_SPI_ILI9341_WriteData	32	static
../Core/Src/ili9341.c:46:13:DAL_SPI_ILI9341_SetAddressWindow	32	static
../Core/Src/ili9341.c:66:13:DAL_SPI_ILI9341_WriteChar	56	static
../Core/Src/ili9341.c:85:6:DAL_SPI_ILI9341_WriteString	48	static
../Core/Src/ili9341.c:111:6:DAL_SPI_ILI9341_FillRectangle	40	static
../Core/Src/ili9341.c:132:6:DAL_SPI_ILI9341_FillScreen	24	static
../Core/Src/ili9341.c:169:19:DAL_SPI_ILI9341_init	128	static
