Archive member included to satisfy reference by file (symbol)

C:/ST/STM32CubeIDE_1.16.0/STM32CubeIDE/plugins/com.st.stm32cube.ide.mcu.externaltools.gnu-tools-for-stm32.12.3.rel1.win32_1.0.200.202406191623/tools/bin/../lib/gcc/arm-none-eabi/12.3.1/../../../../arm-none-eabi/lib/thumb/v7e-m+dp/hard\libc_nano.a(libc_a-exit.o)
                              C:/ST/STM32CubeIDE_1.16.0/STM32CubeIDE/plugins/com.st.stm32cube.ide.mcu.externaltools.gnu-tools-for-stm32.12.3.rel1.win32_1.0.200.202406191623/tools/bin/../lib/gcc/arm-none-eabi/12.3.1/../../../../arm-none-eabi/lib/thumb/v7e-m+dp/hard/crt0.o (exit)
C:/ST/STM32CubeIDE_1.16.0/STM32CubeIDE/plugins/com.st.stm32cube.ide.mcu.externaltools.gnu-tools-for-stm32.12.3.rel1.win32_1.0.200.202406191623/tools/bin/../lib/gcc/arm-none-eabi/12.3.1/../../../../arm-none-eabi/lib/thumb/v7e-m+dp/hard\libc_nano.a(libc_a-findfp.o)
                              C:/ST/STM32CubeIDE_1.16.0/STM32CubeIDE/plugins/com.st.stm32cube.ide.mcu.externaltools.gnu-tools-for-stm32.12.3.rel1.win32_1.0.200.202406191623/tools/bin/../lib/gcc/arm-none-eabi/12.3.1/../../../../arm-none-eabi/lib/thumb/v7e-m+dp/hard\libc_nano.a(libc_a-exit.o) (__stdio_exit_handler)
C:/ST/STM32CubeIDE_1.16.0/STM32CubeIDE/plugins/com.st.stm32cube.ide.mcu.externaltools.gnu-tools-for-stm32.12.3.rel1.win32_1.0.200.202406191623/tools/bin/../lib/gcc/arm-none-eabi/12.3.1/../../../../arm-none-eabi/lib/thumb/v7e-m+dp/hard\libc_nano.a(libc_a-fwalk.o)
                              C:/ST/STM32CubeIDE_1.16.0/STM32CubeIDE/plugins/com.st.stm32cube.ide.mcu.externaltools.gnu-tools-for-stm32.12.3.rel1.win32_1.0.200.202406191623/tools/bin/../lib/gcc/arm-none-eabi/12.3.1/../../../../arm-none-eabi/lib/thumb/v7e-m+dp/hard\libc_nano.a(libc_a-findfp.o) (_fwalk_sglue)
C:/ST/STM32CubeIDE_1.16.0/STM32CubeIDE/plugins/com.st.stm32cube.ide.mcu.externaltools.gnu-tools-for-stm32.12.3.rel1.win32_1.0.200.202406191623/tools/bin/../lib/gcc/arm-none-eabi/12.3.1/../../../../arm-none-eabi/lib/thumb/v7e-m+dp/hard\libc_nano.a(libc_a-stdio.o)
                              C:/ST/STM32CubeIDE_1.16.0/STM32CubeIDE/plugins/com.st.stm32cube.ide.mcu.externaltools.gnu-tools-for-stm32.12.3.rel1.win32_1.0.200.202406191623/tools/bin/../lib/gcc/arm-none-eabi/12.3.1/../../../../arm-none-eabi/lib/thumb/v7e-m+dp/hard\libc_nano.a(libc_a-findfp.o) (__sread)
C:/ST/STM32CubeIDE_1.16.0/STM32CubeIDE/plugins/com.st.stm32cube.ide.mcu.externaltools.gnu-tools-for-stm32.12.3.rel1.win32_1.0.200.202406191623/tools/bin/../lib/gcc/arm-none-eabi/12.3.1/../../../../arm-none-eabi/lib/thumb/v7e-m+dp/hard\libc_nano.a(libc_a-memset.o)
                              C:/ST/STM32CubeIDE_1.16.0/STM32CubeIDE/plugins/com.st.stm32cube.ide.mcu.externaltools.gnu-tools-for-stm32.12.3.rel1.win32_1.0.200.202406191623/tools/bin/../lib/gcc/arm-none-eabi/12.3.1/../../../../arm-none-eabi/lib/thumb/v7e-m+dp/hard/crt0.o (memset)
C:/ST/STM32CubeIDE_1.16.0/STM32CubeIDE/plugins/com.st.stm32cube.ide.mcu.externaltools.gnu-tools-for-stm32.12.3.rel1.win32_1.0.200.202406191623/tools/bin/../lib/gcc/arm-none-eabi/12.3.1/../../../../arm-none-eabi/lib/thumb/v7e-m+dp/hard\libc_nano.a(libc_a-closer.o)
                              C:/ST/STM32CubeIDE_1.16.0/STM32CubeIDE/plugins/com.st.stm32cube.ide.mcu.externaltools.gnu-tools-for-stm32.12.3.rel1.win32_1.0.200.202406191623/tools/bin/../lib/gcc/arm-none-eabi/12.3.1/../../../../arm-none-eabi/lib/thumb/v7e-m+dp/hard\libc_nano.a(libc_a-stdio.o) (_close_r)
C:/ST/STM32CubeIDE_1.16.0/STM32CubeIDE/plugins/com.st.stm32cube.ide.mcu.externaltools.gnu-tools-for-stm32.12.3.rel1.win32_1.0.200.202406191623/tools/bin/../lib/gcc/arm-none-eabi/12.3.1/../../../../arm-none-eabi/lib/thumb/v7e-m+dp/hard\libc_nano.a(libc_a-reent.o)
                              C:/ST/STM32CubeIDE_1.16.0/STM32CubeIDE/plugins/com.st.stm32cube.ide.mcu.externaltools.gnu-tools-for-stm32.12.3.rel1.win32_1.0.200.202406191623/tools/bin/../lib/gcc/arm-none-eabi/12.3.1/../../../../arm-none-eabi/lib/thumb/v7e-m+dp/hard\libc_nano.a(libc_a-closer.o) (errno)
C:/ST/STM32CubeIDE_1.16.0/STM32CubeIDE/plugins/com.st.stm32cube.ide.mcu.externaltools.gnu-tools-for-stm32.12.3.rel1.win32_1.0.200.202406191623/tools/bin/../lib/gcc/arm-none-eabi/12.3.1/../../../../arm-none-eabi/lib/thumb/v7e-m+dp/hard\libc_nano.a(libc_a-impure.o)
                              C:/ST/STM32CubeIDE_1.16.0/STM32CubeIDE/plugins/com.st.stm32cube.ide.mcu.externaltools.gnu-tools-for-stm32.12.3.rel1.win32_1.0.200.202406191623/tools/bin/../lib/gcc/arm-none-eabi/12.3.1/../../../../arm-none-eabi/lib/thumb/v7e-m+dp/hard\libc_nano.a(libc_a-reent.o) (_impure_ptr)
C:/ST/STM32CubeIDE_1.16.0/STM32CubeIDE/plugins/com.st.stm32cube.ide.mcu.externaltools.gnu-tools-for-stm32.12.3.rel1.win32_1.0.200.202406191623/tools/bin/../lib/gcc/arm-none-eabi/12.3.1/../../../../arm-none-eabi/lib/thumb/v7e-m+dp/hard\libc_nano.a(libc_a-lseekr.o)
[...]
Memory Configuration

Name             Origin             Length             Attributes
FLASH            0x08000000         0x00200000         xr
DTCMRAM          0x20000000         0x00020000         xrw
RAM_D1           0x24000000         0x00080000         xrw
RAM_D2           0x30000000         0x00048000         xrw
RAM_D3           0x38000000         0x00010000         xrw
ITCMRAM          0x00000000         0x00010000         xrw
*default*        0x00000000         0xffffffff

Linker script and memory map

LOAD C:/ST/STM32CubeIDE_1.16.0/STM32CubeIDE/plugins/com.st.stm32cube.ide.mcu.externaltools.gnu-tools-for-stm32.12.3.rel1.win32_1.0.200.202406191623/tools/bin/../lib/gcc/arm-none-eabi/12.3.1/thumb/v7e-m+dp/hard/crti.o
LOAD C:/ST/STM32CubeIDE_1.16.0/STM32CubeIDE/plugins/com.st.stm32cube.ide.mcu.externaltools.gnu-tools-for-stm32.12.3.rel1.win32_1.0.200.202406191623/tools/bin/../lib/gcc/arm-none-eabi/12.3.1/thumb/v7e-m+dp/hard/crtbegin.o
LOAD C:/ST/STM32CubeIDE_1.16.0/STM32CubeIDE/plugins/com.st.stm32cube.ide.mcu.externaltools.gnu-tools-for-stm32.12.3.rel1.win32_1.0.200.202406191623/tools/bin/../lib/gcc/arm-none-eabi/12.3.1/../../../../arm-none-eabi/lib/thumb/v7e-m+dp/hard/crt0.o
LOAD ./Core/Src/fonts.o
LOAD ./Core/Src/freertos.o
LOAD ./Core/Src/ili9341.o
LOAD ./Core/Src/main.o
LOAD ./Core/Src/stm32h7xx_hal_msp.o
LOAD ./Core/Src/stm32h7xx_it.o
LOAD ./Core/Src/stmpe811.o
LOAD ./Core/Src/syscalls.o
LOAD ./Core/Src/sysmem.o
LOAD ./Core/Src/system_stm32h7xx.o
LOAD ./Core/Startup/startup_stm32h743zitx.o
LOAD ./Drivers/STM32H7xx_HAL_Driver/Src/stm32h7xx_hal.o
LOAD ./Drivers/STM32H7xx_HAL_Driver/Src/stm32h7xx_hal_cortex.o
LOAD ./Drivers/STM32H7xx_HAL_Driver/Src/stm32h7xx_hal_dma.o
LOAD ./Drivers/STM32H7xx_HAL_Driver/Src/stm32h7xx_hal_dma_ex.o
LOAD ./Drivers/STM32H7xx_HAL_Driver/Src/stm32h7xx_hal_exti.o
LOAD ./Drivers/STM32H7xx_HAL_Driver/Src/stm32h7xx_hal_flash.o
LOAD ./Drivers/STM32H7xx_HAL_Driver/Src/stm32h7xx_hal_flash_ex.o
LOAD ./Drivers/STM32H7xx_HAL_Driver/Src/stm32h7xx_hal_gpio.o
LOAD ./Drivers/STM32H7xx_HAL_Driver/Src/stm32h7xx_hal_hsem.o
LOAD ./Drivers/STM32H7xx_HAL_Driver/Src/stm32h7xx_hal_i2c.o
LOAD ./Drivers/STM32H7xx_HAL_Driver/Src/stm32h7xx_hal_i2c_ex.o
LOAD ./Drivers/STM32H7xx_HAL_Driver/Src/stm32h7xx_hal_mdma.o
LOAD ./Drivers/STM32H7xx_HAL_Driver/Src/stm32h7xx_hal_pwr.o
LOAD ./Drivers/STM32H7xx_HAL_Driver/Src/stm32h7xx_hal_pwr_ex.o
LOAD ./Drivers/STM32H7xx_HAL_Driver/Src/stm32h7xx_hal_rcc.o
LOAD ./Drivers/STM32H7xx_HAL_Driver/Src/stm32h7xx_hal_rcc_ex.o
LOAD ./Drivers/STM32H7xx_HAL_Driver/Src/stm32h7xx_hal_spi.o
LOAD ./Drivers/STM32H7xx_HAL_Driver/Src/stm32h7xx_hal_spi_ex.o
LOAD ./Drivers/STM32H7xx_HAL_Driver/Src/stm32h7xx_hal_tim.o
LOAD ./Drivers/STM32H7xx_HAL_Driver/Src/stm32h7xx_hal_tim_ex.o
LOAD ./Middlewares/Third_Party/FreeRTOS/Source/CMSIS_RTOS/cmsis_os.o
LOAD ./Middlewares/Third_Party/FreeRTOS/Source/croutine.o
LOAD ./Middlewares/Third_Party/FreeRTOS/Source/event_groups.o
LOAD ./Middlewares/Third_Party/FreeRTOS/Source/list.o
LOAD ./Middlewares/Third_Party/FreeRTOS/Source/queue.o
LOAD ./Middlewares/Third_Party/FreeRTOS/Source/stream_buffer.o
LOAD ./Middlewares/Third_Party/FreeRTOS/Source/tasks.o
LOAD ./Middlewares/Third_Party/FreeRTOS/Source/timers.o
LOAD ./Middlewares/Third_Party/FreeRTOS/Source/portable/GCC/ARM_CM4F/port.o
LOAD ./Middlewares/Third_Party/FreeRTOS/Source/portable/MemMang/heap_4.o
START GROUP
LOAD C:/ST/STM32CubeIDE_1.16.0/STM32CubeIDE/plugins/com.st.stm32cube.ide.mcu.externaltools.gnu-tools-for-stm32.12.3.rel1.win32_1.0.200.202406191623/tools/bin/../lib/gcc/arm-none-eabi/12.3.1/../../../../arm-none-eabi/lib/thumb/v7e-m+dp/hard\libc_nano.a
LOAD C:/ST/STM32CubeIDE_1.16.0/STM32CubeIDE/plugins/com.st.stm32cube.ide.mcu.externaltools.gnu-tools-for-stm32.12.3.rel1.win32_1.0.200.202406191623/tools/bin/../lib/gcc/arm-none-eabi/12.3.1/../../../../arm-none-eabi/lib/thumb/v7e-m+dp/hard\libm.a
END GROUP
START GROUP
LOAD C:/ST/STM32CubeIDE_1.16.0/STM32CubeIDE/plugins/com.st.stm32cube.ide.mcu.externaltools.gnu-tools-for-stm32.12.3.rel1.win32_1.0.200.202406191623/tools/bin/../lib/gcc/arm-none-eabi/12.3.1/thumb/v7e-m+dp/hard\libgcc.a
LOAD C:/ST/STM32CubeIDE_1.16.0/STM32CubeIDE/plugins/com.st.stm32cube.ide.mcu.externaltools.gnu-tools-for-stm32.12.3.rel1.win32_1.0.200.202406191623/tools/bin/../lib/gcc/arm-none-eabi/12.3.1/../../../../arm-none-eabi/lib/thumb/v7e-m+dp/hard\libc_nano.a
END GROUP
START GROUP
LOAD C:/ST/STM32CubeIDE_1.16.0/STM32CubeIDE/plugins/com.st.stm32cube.ide.mcu.externaltools.gnu-tools-for-stm32.12.3.rel1.win32_1.0.200.202406191623/tools/bin/../lib/gcc/arm-none-eabi/12.3.1/thumb/v7e-m+dp/hard\libgcc.a
LOAD C:/ST/STM32CubeIDE_1.16.0/STM32CubeIDE/plugins/com.st.stm32cube.ide.mcu.externaltools.gnu-tools-for-stm32.12.3.rel1.win32_1.0.200.202406191623/tools/bin/../lib/gcc/arm-none-eabi/12.3.1/../../../../arm-none-eabi/lib/thumb/v7e-m+dp/hard\libc_nano.a
LOAD C:/ST/STM32CubeIDE_1.16.0/STM32CubeIDE/plugins/com.st.stm32cube.ide.mcu.externaltools.gnu-tools-for-stm32.12.3.rel1.win32_1.0.200.202406191623/tools/bin/../lib/gcc/arm-none-eabi/12.3.1/../../../../arm-none-eabi/lib/thumb/v7e-m+dp/hard\libnosys.a
END GROUP
START GROUP
LOAD C:/ST/STM32CubeIDE_1.16.0/STM32CubeIDE/plugins/com.st.stm32cube.ide.mcu.externaltools.gnu-tools-for-stm32.12.3.rel1.win32_1.0.200.202406191623/tools/bin/../lib/gcc/arm-none-eabi/12.3.1/thumb/v7e-m+dp/hard\libgcc.a
LOAD C:/ST/STM32CubeIDE_1.16.0/STM32CubeIDE/plugins/com.st.stm32cube.ide.mcu.externaltools.gnu-tools-for-stm32.12.3.rel1.win32_1.0.200.202406191623/tools/bin/../lib/gcc/arm-none-eabi/12.3.1/../../../../arm-none-eabi/lib/thumb/v7e-m+dp/hard\libc_nano.a
LOAD C:/ST/STM32CubeIDE_1.16.0/STM32CubeIDE/plugins/com.st.stm32cube.ide.mcu.externaltools.gnu-tools-for-stm32.12.3.rel1.win32_1.0.200.202406191623/tools/bin/../lib/gcc/arm-none-eabi/12.3.1/../../../../arm-none-eabi/lib/thumb/v7e-m+dp/hard\libnosys.a
END GROUP
LOAD C:/ST/STM32CubeIDE_1.16.0/STM32CubeIDE/plugins/com.st.stm32cube.ide.mcu.externaltools.gnu-tools-for-stm32.12.3.rel1.win32_1.0.200.202406191623/tools/bin/../lib/gcc/arm-none-eabi/12.3.1/thumb/v7e-m+dp/hard/crtend.o
LOAD C:/ST/STM32CubeIDE_1.16.0/STM32CubeIDE/plugins/com.st.stm32cube.ide.mcu.externaltools.gnu-tools-for-stm32.12.3.rel1.win32_1.0.200.202406191623/tools/bin/../lib/gcc/arm-none-eabi/12.3.1/thumb/v7e-m+dp/hard/crtn.o
                0x24080000                        _estack = (ORIGIN (RAM_D1) + LENGTH (RAM_D1))
                0x00000200                        _Min_Heap_Size = 0x200
                0x00000400                        _Min_Stack_Size = 0x400

.isr_vector     0x08000000      0x298
                0x08000000                        . = ALIGN (0x4)
 *(.isr_vector)
 .isr_vector    0x08000000      0x298 ./Core/Startup/startup_stm32h743zitx.o
                0x08000000                g_pfnVectors
                0x08000298                        . = ALIGN (0x4)

.text           0x080002a0     0x69f4
                0x080002a0                        . = ALIGN (0x4)
 *(.text)
 .text          0x080002a0       0x40 C:/ST/STM32CubeIDE_1.16.0/STM32CubeIDE/plugins/com.st.stm32cube.ide.mcu.externaltools.gnu-tools-for-stm32.12.3.rel1.win32_1.0.200.202406191623/tools/bin/../lib/gcc/arm-none-eabi/12.3.1/thumb/v7e-m+dp/hard/crtbegin.o
 *(.text*)
 .text.vApplicationGetIdleTaskMemory
                0x080002e0       0x34 ./Core/Src/freertos.o
                0x080002e0                vApplicationGetIdleTaskMemory
 .text.DAL_SPI_ILI9341_Select
                0x08000314       0x18 ./Core/Src/ili9341.o
 .text.DAL_SPI_ILI9341_Unselect
                0x0800032c       0x18 ./Core/Src/ili9341.o
                0x0800032c                DAL_SPI_ILI9341_Unselect
 .text.DAL_SPI_ILI9341_Reset
                0x08000344       0x28 ./Core/Src/ili9341.o
 .text.DAL_SPI_ILI9341_WriteCommand
                0x0800036c       0x30 ./Core/Src/ili9341.o
 .text.DAL_SPI_ILI9341_WriteData
                0x0800039c       0x58 ./Core/Src/ili9341.o
 .text.DAL_SPI_ILI9341_SetAddressWindow
                0x080003f4       0x96 ./Core/Src/ili9341.o
 .text.DAL_SPI_ILI9341_WriteChar
                0x0800048a       0xec ./Core/Src/ili9341.o
 .text.DAL_SPI_ILI9341_WriteString
                0x08000576       0xa2 ./Core/Src/ili9341.o
                0x08000576                DAL_SPI_ILI9341_WriteString
 .text.DAL_SPI_ILI9341_FillRectangle
                0x08000618       0xd8 ./Core/Src/ili9341.o
                0x08000618                DAL_SPI_ILI9341_FillRectangle
 .text.DAL_SPI_ILI9341_FillScreen
                0x080006f0       0x2a ./Core/Src/ili9341.o
                0x080006f0                DAL_SPI_ILI9341_FillScreen
 *fill*         0x0800071a        0x2 
 .text.DAL_SPI_ILI9341_init
                0x0800071c      0x2b8 ./Core/Src/ili9341.o
                0x0800071c                DAL_SPI_ILI9341_init
 .text.main     0x080009d4       0x80 ./Core/Src/main.o
                0x080009d4                main
 .text.SystemClock_Config
                0x08000a54       0xf8 ./Core/Src/main.o
                0x08000a54                SystemClock_Config
 .text.MX_I2C1_Init
                0x08000b4c       0x80 ./Core/Src/main.o
 .text.MX_SPI1_Init
                0x08000bcc       0xac ./Core/Src/main.o
 .text.MX_GPIO_Init
                0x08000c78       0x88 ./Core/Src/main.o
 .text.StartTouchTask
                0x08000d00       0x64 ./Core/Src/main.o
                0x08000d00                StartTouchTask
 .text.StartTFTTask
                0x08000d64       0xcc ./Core/Src/main.o
                0x08000d64                StartTFTTask
 .text.MPU_Config
                0x08000e30       0xb8 ./Core/Src/main.o
 .text.Error_Handler
                0x08000ee8        0xc ./Core/Src/main.o
                0x08000ee8                Error_Handler
 .text.HAL_MspInit
                0x08000ef4       0x3c ./Core/Src/stm32h7xx_hal_msp.o
                0x08000ef4                HAL_MspInit
 .text.HAL_I2C_MspInit
                0x08000f30       0xd0 ./Core/Src/stm32h7xx_hal_msp.o
                0x08000f30                HAL_I2C_MspInit
 .text.HAL_SPI_MspInit
                0x08001000       0xd0 ./Core/Src/stm32h7xx_hal_msp.o
                0x08001000                HAL_SPI_MspInit
 .text.NMI_Handler
                0x080010d0        0x8 ./Core/Src/stm32h7xx_it.o
                0x080010d0                NMI_Handler
 .text.HardFault_Handler
                0x080010d8        0x8 ./Core/Src/stm32h7xx_it.o
                0x080010d8                HardFault_Handler
 .text.MemManage_Handler
                0x080010e0        0x8 ./Core/Src/stm32h7xx_it.o
                0x080010e0                MemManage_Handler
 .text.BusFault_Handler
                0x080010e8        0x8 ./Core/Src/stm32h7xx_it.o
                0x080010e8                BusFault_Handler
 .text.UsageFault_Handler
                0x080010f0        0x8 ./Core/Src/stm32h7xx_it.o
                0x080010f0                UsageFault_Handler
 .text.DebugMon_Handler
                0x080010f8        0xe ./Core/Src/stm32h7xx_it.o
                0x080010f8                DebugMon_Handler
 .text.SysTick_Handler
                0x08001106       0x1a ./Core/Src/stm32h7xx_it.o
                0x08001106                SysTick_Handler
 .text.DAL_I2C_stmpe811_init
                0x08001120       0x7c ./Core/Src/stmpe811.o
                0x08001120                DAL_I2C_stmpe811_init
 .text.DAL_I2C_stmpe811_read
                0x0800119c       0x72 ./Core/Src/stmpe811.o
                0x0800119c                DAL_I2C_stmpe811_read
 *fill*         0x0800120e        0x2 
 .text.SystemInit
                0x08001210      0x110 ./Core/Src/system_stm32h7xx.o
                0x08001210                SystemInit
 .text.Reset_Handler
                0x08001320       0x50 ./Core/Startup/startup_stm32h743zitx.o
                0x08001320                Reset_Handler
 .text.Default_Handler
                0x08001370        0x2 ./Core/Startup/startup_stm32h743zitx.o
                0x08001370                RTC_Alarm_IRQHandler
                0x08001370                EXTI2_IRQHandler
                0x08001370                TIM8_CC_IRQHandler
                0x08001370                HRTIM1_Master_IRQHandler
                0x08001370                UART8_IRQHandler
                0x08001370                SPI4_IRQHandler
                0x08001370                TIM1_CC_IRQHandler
                0x08001370                BDMA_Channel6_IRQHandler
                0x08001370                DMA2_Stream5_IRQHandler
                0x08001370                HRTIM1_FLT_IRQHandler
                0x08001370                JPEG_IRQHandler
                0x08001370                DMA1_Stream5_IRQHandler
                0x08001370                BDMA_Channel1_IRQHandler
                0x08001370                HRTIM1_TIMD_IRQHandler
                0x08001370                TAMP_STAMP_IRQHandler
                0x08001370                EXTI3_IRQHandler
                0x08001370                LPTIM4_IRQHandler
                0x08001370                TIM8_TRG_COM_TIM14_IRQHandler
                0x08001370                LPTIM2_IRQHandler
                0x08001370                DFSDM1_FLT1_IRQHandler
                0x08001370                DMAMUX2_OVR_IRQHandler
                0x08001370                TIM8_UP_TIM13_IRQHandler
                0x08001370                I2C3_ER_IRQHandler
                0x08001370                DFSDM1_FLT2_IRQHandler
                0x08001370                MDMA_IRQHandler
                0x08001370                LPTIM3_IRQHandler
                0x08001370                HSEM1_IRQHandler
                0x08001370                EXTI0_IRQHandler
                0x08001370                I2C2_EV_IRQHandler
                0x08001370                DMA1_Stream2_IRQHandler
                0x08001370                FPU_IRQHandler
                0x08001370                OTG_HS_WKUP_IRQHandler
                0x08001370                FDCAN1_IT1_IRQHandler
                0x08001370                LTDC_ER_IRQHandler
                0x08001370                DMA2_Stream2_IRQHandler
                0x08001370                HRTIM1_TIME_IRQHandler
                0x08001370                SPI1_IRQHandler
                0x08001370                TIM6_DAC_IRQHandler
                0x08001370                DCMI_IRQHandler
                0x08001370                HRTIM1_TIMC_IRQHandler
                0x08001370                DMA2_Stream3_IRQHandler
                0x08001370                SAI2_IRQHandler
                0x08001370                DFSDM1_FLT3_IRQHandler
                0x08001370                USART6_IRQHandler
                0x08001370                TIM17_IRQHandler
                0x08001370                USART3_IRQHandler
                0x08001370                BDMA_Channel7_IRQHandler
                0x08001370                LPTIM5_IRQHandler
                0x08001370                UART5_IRQHandler
                0x08001370                ADC3_IRQHandler
                0x08001370                DMA2_Stream0_IRQHandler
                0x08001370                TIM4_IRQHandler
                0x08001370                BDMA_Channel2_IRQHandler
                0x08001370                QUADSPI_IRQHandler
                0x08001370                I2C1_EV_IRQHandler
                0x08001370                DMA1_Stream6_IRQHandler
                0x08001370                DMAMUX1_OVR_IRQHandler
                0x08001370                DMA1_Stream1_IRQHandler
                0x08001370                TIM16_IRQHandler
                0x08001370                UART4_IRQHandler
                0x08001370                BDMA_Channel5_IRQHandler
                0x08001370                TIM3_IRQHandler
                0x08001370                RCC_IRQHandler
                0x08001370                TIM8_BRK_TIM12_IRQHandler
                0x08001370                TIM1_TRG_COM_IRQHandler
                0x08001370                Default_Handler
                0x08001370                ECC_IRQHandler
                0x08001370                CEC_IRQHandler
                0x08001370                EXTI15_10_IRQHandler
                0x08001370                BDMA_Channel0_IRQHandler
                0x08001370                ADC_IRQHandler
                0x08001370                DMA1_Stream7_IRQHandler
                0x08001370                HRTIM1_TIMA_IRQHandler
                0x08001370                SPI5_IRQHandler
                0x08001370                TIM7_IRQHandler
                0x08001370                SDMMC1_IRQHandler
                0x08001370                TIM5_IRQHandler
                0x08001370                DMA2_Stream7_IRQHandler
                0x08001370                TIM15_IRQHandler
                0x08001370                PVD_AVD_IRQHandler
                0x08001370                I2C3_EV_IRQHandler
                0x08001370                EXTI9_5_IRQHandler
                0x08001370                RTC_WKUP_IRQHandler
                0x08001370                LTDC_IRQHandler
                0x08001370                SAI3_IRQHandler
                0x08001370                ETH_WKUP_IRQHandler
                0x08001370                SPDIF_RX_IRQHandler
                0x08001370                SPI2_IRQHandler
                0x08001370                OTG_HS_EP1_IN_IRQHandler
                0x08001370                DMA1_Stream0_IRQHandler
                0x08001370                CRS_IRQHandler
                0x08001370                EXTI4_IRQHandler
                0x08001370                RNG_IRQHandler
                0x08001370                HRTIM1_TIMB_IRQHandler
                0x08001370                FDCAN2_IT1_IRQHandler
                0x08001370                ETH_IRQHandler
                0x08001370                TIM1_UP_IRQHandler
                0x08001370                BDMA_Channel4_IRQHandler
                0x08001370                OTG_HS_EP1_OUT_IRQHandler
                0x08001370                WWDG_IRQHandler
                0x08001370                SPI6_IRQHandler
                0x08001370                MDIOS_IRQHandler
                0x08001370                I2C4_EV_IRQHandler
                0x08001370                FDCAN2_IT0_IRQHandler
                0x08001370                LPUART1_IRQHandler
                0x08001370                FDCAN1_IT0_IRQHandler
                0x08001370                TIM2_IRQHandler
                0x08001370                OTG_FS_WKUP_IRQHandler
                0x08001370                OTG_HS_IRQHandler
                0x08001370                DMA2D_IRQHandler
                0x08001370                TIM1_BRK_IRQHandler
                0x08001370                EXTI1_IRQHandler
                0x08001370                SDMMC2_IRQHandler
                0x08001370                OTG_FS_EP1_OUT_IRQHandler
                0x08001370                BDMA_Channel3_IRQHandler
                0x08001370                UART7_IRQHandler
                0x08001370                MDIOS_WKUP_IRQHandler
                0x08001370                USART2_IRQHandler
                0x08001370                DFSDM1_FLT0_IRQHandler
                0x08001370                SAI4_IRQHandler
                0x08001370                I2C2_ER_IRQHandler
                0x08001370                DMA2_Stream1_IRQHandler
                0x08001370                FLASH_IRQHandler
                0x08001370                DMA2_Stream4_IRQHandler
                0x08001370                USART1_IRQHandler
                0x08001370                OTG_FS_IRQHandler
                0x08001370                SPI3_IRQHandler
                0x08001370                WAKEUP_PIN_IRQHandler
                0x08001370                DMA1_Stream4_IRQHandler
                0x08001370                OTG_FS_EP1_IN_IRQHandler
                0x08001370                I2C1_ER_IRQHandler
                0x08001370                FMC_IRQHandler
                0x08001370                FDCAN_CAL_IRQHandler
                0x08001370                SWPMI1_IRQHandler
                0x08001370                COMP1_IRQHandler
                0x08001370                LPTIM1_IRQHandler
                0x08001370                I2C4_ER_IRQHandler
                0x08001370                DMA2_Stream6_IRQHandler
                0x08001370                SAI1_IRQHandler
                0x08001370                DMA1_Stream3_IRQHandler
 *fill*         0x08001372        0x2 
 .text.HAL_Init
                0x08001374       0x78 ./Drivers/STM32H7xx_HAL_Driver/Src/stm32h7xx_hal.o
                0x08001374                HAL_Init
 .text.HAL_InitTick
                0x080013ec       0x6c ./Drivers/STM32H7xx_HAL_Driver/Src/stm32h7xx_hal.o
                0x080013ec                HAL_InitTick
 .text.HAL_IncTick
                0x08001458       0x28 ./Drivers/STM32H7xx_HAL_Driver/Src/stm32h7xx_hal.o
                0x08001458                HAL_IncTick
 .text.HAL_GetTick
                0x08001480       0x18 ./Drivers/STM32H7xx_HAL_Driver/Src/stm32h7xx_hal.o
                0x08001480                HAL_GetTick
 .text.HAL_Delay
                0x08001498       0x48 ./Drivers/STM32H7xx_HAL_Driver/Src/stm32h7xx_hal.o
                0x08001498                HAL_Delay
 .text.HAL_GetREVID
                0x080014e0       0x18 ./Drivers/STM32H7xx_HAL_Driver/Src/stm32h7xx_hal.o
                0x080014e0                HAL_GetREVID
 .text.__NVIC_SetPriorityGrouping
                0x080014f8       0x48 ./Drivers/STM32H7xx_HAL_Driver/Src/stm32h7xx_hal_cortex.o
 .text.__NVIC_GetPriorityGrouping
                0x08001540       0x1c ./Drivers/STM32H7xx_HAL_Driver/Src/stm32h7xx_hal_cortex.o
 .text.__NVIC_SetPriority
                0x0800155c       0x54 ./Drivers/STM32H7xx_HAL_Driver/Src/stm32h7xx_hal_cortex.o
 .text.NVIC_EncodePriority
                0x080015b0       0x66 ./Drivers/STM32H7xx_HAL_Driver/Src/stm32h7xx_hal_cortex.o
 *fill*         0x08001616        0x2 
 .text.SysTick_Config
                0x08001618       0x44 ./Drivers/STM32H7xx_HAL_Driver/Src/stm32h7xx_hal_cortex.o
 .text.HAL_NVIC_SetPriorityGrouping
                0x0800165c       0x16 ./Drivers/STM32H7xx_HAL_Driver/Src/stm32h7xx_hal_cortex.o
                0x0800165c                HAL_NVIC_SetPriorityGrouping
 .text.HAL_NVIC_SetPriority
                0x08001672       0x34 ./Drivers/STM32H7xx_HAL_Driver/Src/stm32h7xx_hal_cortex.o
                0x08001672                HAL_NVIC_SetPriority
 .text.HAL_SYSTICK_Config
                0x080016a6       0x18 ./Drivers/STM32H7xx_HAL_Driver/Src/stm32h7xx_hal_cortex.o
                0x080016a6                HAL_SYSTICK_Config
 *fill*         0x080016be        0x2 
 .text.HAL_MPU_Disable
                0x080016c0       0x30 ./Drivers/STM32H7xx_HAL_Driver/Src/stm32h7xx_hal_cortex.o
                0x080016c0                HAL_MPU_Disable
 .text.HAL_MPU_Enable
                0x080016f0       0x40 ./Drivers/STM32H7xx_HAL_Driver/Src/stm32h7xx_hal_cortex.o
                0x080016f0                HAL_MPU_Enable
 .text.HAL_MPU_ConfigRegion
                0x08001730       0x80 ./Drivers/STM32H7xx_HAL_Driver/Src/stm32h7xx_hal_cortex.o
                0x08001730                HAL_MPU_ConfigRegion
 .text.HAL_GPIO_Init
                0x080017b0      0x360 ./Drivers/STM32H7xx_HAL_Driver/Src/stm32h7xx_hal_gpio.o
                0x080017b0                HAL_GPIO_Init
 .text.HAL_GPIO_WritePin
                0x08001b10       0x32 ./Drivers/STM32H7xx_HAL_Driver/Src/stm32h7xx_hal_gpio.o
                0x08001b10                HAL_GPIO_WritePin
 *fill*         0x08001b42        0x2 
 .text.HAL_I2C_Init
                0x08001b44      0x138 ./Drivers/STM32H7xx_HAL_Driver/Src/stm32h7xx_hal_i2c.o
                0x08001b44                HAL_I2C_Init
 .text.HAL_I2C_Mem_Write
                0x08001c7c      0x228 ./Drivers/STM32H7xx_HAL_Driver/Src/stm32h7xx_hal_i2c.o
                0x08001c7c                HAL_I2C_Mem_Write
 .text.HAL_I2C_Mem_Read
                0x08001ea4      0x234 ./Drivers/STM32H7xx_HAL_Driver/Src/stm32h7xx_hal_i2c.o
                0x08001ea4                HAL_I2C_Mem_Read
 .text.I2C_RequestMemoryWrite
                0x080020d8       0xa8 ./Drivers/STM32H7xx_HAL_Driver/Src/stm32h7xx_hal_i2c.o
 .text.I2C_RequestMemoryRead
                0x08002180       0xa8 ./Drivers/STM32H7xx_HAL_Driver/Src/stm32h7xx_hal_i2c.o
 .text.I2C_Flush_TXDR
                0x08002228       0x48 ./Drivers/STM32H7xx_HAL_Driver/Src/stm32h7xx_hal_i2c.o
 .text.I2C_WaitOnFlagUntilTimeout
                0x08002270       0xb2 ./Drivers/STM32H7xx_HAL_Driver/Src/stm32h7xx_hal_i2c.o
 .text.I2C_WaitOnTXISFlagUntilTimeout
                0x08002322       0x8e ./Drivers/STM32H7xx_HAL_Driver/Src/stm32h7xx_hal_i2c.o
 .text.I2C_WaitOnSTOPFlagUntilTimeout
                0x080023b0       0x86 ./Drivers/STM32H7xx_HAL_Driver/Src/stm32h7xx_hal_i2c.o
 *fill*         0x08002436        0x2 
 .text.I2C_IsErrorOccurred
                0x08002438      0x1c0 ./Drivers/STM32H7xx_HAL_Driver/Src/stm32h7xx_hal_i2c.o
 .text.I2C_TransferConfig
                0x080025f8       0x64 ./Drivers/STM32H7xx_HAL_Driver/Src/stm32h7xx_hal_i2c.o
 .text.HAL_I2CEx_ConfigAnalogFilter
                0x0800265c       0x96 ./Drivers/STM32H7xx_HAL_Driver/Src/stm32h7xx_hal_i2c_ex.o
                0x0800265c                HAL_I2CEx_ConfigAnalogFilter
 .text.HAL_I2CEx_ConfigDigitalFilter
                0x080026f2       0x98 ./Drivers/STM32H7xx_HAL_Driver/Src/stm32h7xx_hal_i2c_ex.o
                0x080026f2                HAL_I2CEx_ConfigDigitalFilter
 *fill*         0x0800278a        0x2 
 .text.HAL_PWREx_ConfigSupply
                0x0800278c       0x74 ./Drivers/STM32H7xx_HAL_Driver/Src/stm32h7xx_hal_pwr_ex.o
                0x0800278c                HAL_PWREx_ConfigSupply
 .text.HAL_RCC_OscConfig
                0x08002800      0x8b4 ./Drivers/STM32H7xx_HAL_Driver/Src/stm32h7xx_hal_rcc.o
                0x08002800                HAL_RCC_OscConfig
 .text.HAL_RCC_ClockConfig
                0x080030b4      0x36c ./Drivers/STM32H7xx_HAL_Driver/Src/stm32h7xx_hal_rcc.o
                0x080030b4                HAL_RCC_ClockConfig
 .text.HAL_RCC_GetSysClockFreq
                0x08003420      0x2f4 ./Drivers/STM32H7xx_HAL_Driver/Src/stm32h7xx_hal_rcc.o
                0x08003420                HAL_RCC_GetSysClockFreq
 .text.HAL_RCCEx_PeriphCLKConfig
                0x08003714     0x1414 ./Drivers/STM32H7xx_HAL_Driver/Src/stm32h7xx_hal_rcc_ex.o
                0x08003714                HAL_RCCEx_PeriphCLKConfig
 .text.RCCEx_PLL2_Config
                0x08004b28      0x164 ./Drivers/STM32H7xx_HAL_Driver/Src/stm32h7xx_hal_rcc_ex.o
 .text.RCCEx_PLL3_Config
                0x08004c8c      0x164 ./Drivers/STM32H7xx_HAL_Driver/Src/stm32h7xx_hal_rcc_ex.o
 .text.HAL_SPI_Init
                0x08004df0      0x248 ./Drivers/STM32H7xx_HAL_Driver/Src/stm32h7xx_hal_spi.o
                0x08004df0                HAL_SPI_Init
 .text.HAL_SPI_Transmit
                0x08005038      0x3dc ./Drivers/STM32H7xx_HAL_Driver/Src/stm32h7xx_hal_spi.o
                0x08005038                HAL_SPI_Transmit
 .text.SPI_CloseTransfer
                0x08005414      0x140 ./Drivers/STM32H7xx_HAL_Driver/Src/stm32h7xx_hal_spi.o
 .text.SPI_WaitOnFlagUntilTimeout
                0x08005554       0x5c ./Drivers/STM32H7xx_HAL_Driver/Src/stm32h7xx_hal_spi.o
 .text.SPI_GetPacketSize
                0x080055b0       0x36 ./Drivers/STM32H7xx_HAL_Driver/Src/stm32h7xx_hal_spi.o
 .text.makeFreeRtosPriority
                0x080055e6       0x30 ./Middlewares/Third_Party/FreeRTOS/Source/CMSIS_RTOS/cmsis_os.o
 .text.osKernelStart
                0x08005616        0xe ./Middlewares/Third_Party/FreeRTOS/Source/CMSIS_RTOS/cmsis_os.o
                0x08005616                osKernelStart
 .text.osThreadCreate
                0x08005624       0x98 ./Middlewares/Third_Party/FreeRTOS/Source/CMSIS_RTOS/cmsis_os.o
                0x08005624                osThreadCreate
 .text.osDelay  0x080056bc       0x28 ./Middlewares/Third_Party/FreeRTOS/Source/CMSIS_RTOS/cmsis_os.o
                0x080056bc                osDelay
 .text.osThreadSuspend
                0x080056e4       0x18 ./Middlewares/Third_Party/FreeRTOS/Source/CMSIS_RTOS/cmsis_os.o
                0x080056e4                osThreadSuspend
 .text.vListInitialise
                0x080056fc       0x40 ./Middlewares/Third_Party/FreeRTOS/Source/list.o
                0x080056fc                vListInitialise
 .text.vListInitialiseItem
                0x0800573c       0x1a ./Middlewares/Third_Party/FreeRTOS/Source/list.o
                0x0800573c                vListInitialiseItem
 .text.vListInsertEnd
                0x08005756       0x48 ./Middlewares/Third_Party/FreeRTOS/Source/list.o
                0x08005756                vListInsertEnd
 .text.vListInsert
                0x0800579e       0x72 ./Middlewares/Third_Party/FreeRTOS/Source/list.o
                0x0800579e                vListInsert
 .text.uxListRemove
                0x08005810       0x54 ./Middlewares/Third_Party/FreeRTOS/Source/list.o
                0x08005810                uxListRemove
 .text.xTaskCreateStatic
                0x08005864       0xc0 ./Middlewares/Third_Party/FreeRTOS/Source/tasks.o
                0x08005864                xTaskCreateStatic
 .text.xTaskCreate
                0x08005924       0x8a ./Middlewares/Third_Party/FreeRTOS/Source/tasks.o
                0x08005924                xTaskCreate
 .text.prvInitialiseNewTask
                0x080059ae      0x110 ./Middlewares/Third_Party/FreeRTOS/Source/tasks.o
 *fill*         0x08005abe        0x2 
 .text.prvAddNewTaskToReadyList
                0x08005ac0       0xd4 ./Middlewares/Third_Party/FreeRTOS/Source/tasks.o
 .text.vTaskDelay
                0x08005b94       0x6c ./Middlewares/Third_Party/FreeRTOS/Source/tasks.o
                0x08005b94                vTaskDelay
 .text.vTaskSuspend
                0x08005c00      0x128 ./Middlewares/Third_Party/FreeRTOS/Source/tasks.o
                0x08005c00                vTaskSuspend
 .text.vTaskStartScheduler
                0x08005d28       0xc4 ./Middlewares/Third_Party/FreeRTOS/Source/tasks.o
                0x08005d28                vTaskStartScheduler
 .text.vTaskSuspendAll
                0x08005dec       0x1c ./Middlewares/Third_Party/FreeRTOS/Source/tasks.o
                0x08005dec                vTaskSuspendAll
 .text.xTaskResumeAll
                0x08005e08      0x13c ./Middlewares/Third_Party/FreeRTOS/Source/tasks.o
                0x08005e08                xTaskResumeAll
 .text.xTaskIncrementTick
                0x08005f44      0x174 ./Middlewares/Third_Party/FreeRTOS/Source/tasks.o
                0x08005f44                xTaskIncrementTick
 .text.vTaskSwitchContext
                0x080060b8       0xb8 ./Middlewares/Third_Party/FreeRTOS/Source/tasks.o
                0x080060b8                vTaskSwitchContext
 .text.prvIdleTask
                0x08006170       0x30 ./Middlewares/Third_Party/FreeRTOS/Source/tasks.o
 .text.prvInitialiseTaskLists
                0x080061a0       0x80 ./Middlewares/Third_Party/FreeRTOS/Source/tasks.o
 .text.prvCheckTasksWaitingTermination
                0x08006220       0x5c ./Middlewares/Third_Party/FreeRTOS/Source/tasks.o
 .text.prvDeleteTCB
                0x0800627c       0x60 ./Middlewares/Third_Party/FreeRTOS/Source/tasks.o
 .text.prvResetNextTaskUnblockTime
                0x080062dc       0x40 ./Middlewares/Third_Party/FreeRTOS/Source/tasks.o
 .text.xTaskGetSchedulerState
                0x0800631c       0x3c ./Middlewares/Third_Party/FreeRTOS/Source/tasks.o
                0x0800631c                xTaskGetSchedulerState
 .text.prvAddCurrentTaskToDelayedList
                0x08006358       0xcc ./Middlewares/Third_Party/FreeRTOS/Source/tasks.o
 .text.pxPortInitialiseStack
                0x08006424       0x68 ./Middlewares/Third_Party/FreeRTOS/Source/portable/GCC/ARM_CM4F/port.o
                0x08006424                pxPortInitialiseStack
 .text.prvTaskExitError
                0x0800648c       0x5c ./Middlewares/Third_Party/FreeRTOS/Source/portable/GCC/ARM_CM4F/port.o
 *fill*         0x080064e8        0x8 
 .text.SVC_Handler
                0x080064f0       0x28 ./Middlewares/Third_Party/FreeRTOS/Source/portable/GCC/ARM_CM4F/port.o
                0x080064f0                SVC_Handler
 .text.prvPortStartFirstTask
                0x08006518       0x28 ./Middlewares/Third_Party/FreeRTOS/Source/portable/GCC/ARM_CM4F/port.o
 .text.xPortStartScheduler
                0x08006540      0x148 ./Middlewares/Third_Party/FreeRTOS/Source/portable/GCC/ARM_CM4F/port.o
                0x08006540                xPortStartScheduler
 .text.vPortEnterCritical
                0x08006688       0x64 ./Middlewares/Third_Party/FreeRTOS/Source/portable/GCC/ARM_CM4F/port.o
                0x08006688                vPortEnterCritical
 .text.vPortExitCritical
                0x080066ec       0x54 ./Middlewares/Third_Party/FreeRTOS/Source/portable/GCC/ARM_CM4F/port.o
                0x080066ec                vPortExitCritical
 .text.PendSV_Handler
                0x08006740       0x68 ./Middlewares/Third_Party/FreeRTOS/Source/portable/GCC/ARM_CM4F/port.o
                0x08006740                PendSV_Handler
 .text.xPortSysTickHandler
                0x080067a8       0x44 ./Middlewares/Third_Party/FreeRTOS/Source/portable/GCC/ARM_CM4F/port.o
                0x080067a8                xPortSysTickHandler
 .text.vPortSetupTimerInterrupt
                0x080067ec       0x48 ./Middlewares/Third_Party/FreeRTOS/Source/portable/GCC/ARM_CM4F/port.o
                0x080067ec                vPortSetupTimerInterrupt
 .text.vPortEnableVFP
                0x08006834       0x14 ./Middlewares/Third_Party/FreeRTOS/Source/portable/GCC/ARM_CM4F/port.o
 .text.pvPortMalloc
                0x08006848      0x19c ./Middlewares/Third_Party/FreeRTOS/Source/portable/MemMang/heap_4.o
                0x08006848                pvPortMalloc
 .text.vPortFree
                0x080069e4       0xc8 ./Middlewares/Third_Party/FreeRTOS/Source/portable/MemMang/heap_4.o
                0x080069e4                vPortFree
 .text.prvHeapInit
                0x08006aac       0xc4 ./Middlewares/Third_Party/FreeRTOS/Source/portable/MemMang/heap_4.o
 .text.prvInsertBlockIntoFreeList
                0x08006b70       0xb4 ./Middlewares/Third_Party/FreeRTOS/Source/portable/MemMang/heap_4.o
 .text.memset   0x08006c24       0x10 C:/ST/STM32CubeIDE_1.16.0/STM32CubeIDE/plugins/com.st.stm32cube.ide.mcu.externaltools.gnu-tools-for-stm32.12.3.rel1.win32_1.0.200.202406191623/tools/bin/../lib/gcc/arm-none-eabi/12.3.1/../../../../arm-none-eabi/lib/thumb/v7e-m+dp/hard\libc_nano.a(libc_a-memset.o)
                0x08006c24                memset
 .text.__libc_init_array
                0x08006c34       0x48 C:/ST/STM32CubeIDE_1.16.0/STM32CubeIDE/plugins/com.st.stm32cube.ide.mcu.externaltools.gnu-tools-for-stm32.12.3.rel1.win32_1.0.200.202406191623/tools/bin/../lib/gcc/arm-none-eabi/12.3.1/../../../../arm-none-eabi/lib/thumb/v7e-m+dp/hard\libc_nano.a(libc_a-init.o)
                0x08006c34                __libc_init_array
 *(.glue_7)
 .glue_7        0x08006c7c        0x0 linker stubs
 *(.glue_7t)
 .glue_7t       0x08006c7c        0x0 linker stubs
 *(.eh_frame)
 .eh_frame      0x08006c7c        0x0 C:/ST/STM32CubeIDE_1.16.0/STM32CubeIDE/plugins/com.st.stm32cube.ide.mcu.externaltools.gnu-tools-for-stm32.12.3.rel1.win32_1.0.200.202406191623/tools/bin/../lib/gcc/arm-none-eabi/12.3.1/thumb/v7e-m+dp/hard/crtbegin.o
 *(.init)
 .init          0x08006c7c        0x4 C:/ST/STM32CubeIDE_1.16.0/STM32CubeIDE/plugins/com.st.stm32cube.ide.mcu.externaltools.gnu-tools-for-stm32.12.3.rel1.win32_1.0.200.202406191623/tools/bin/../lib/gcc/arm-none-eabi/12.3.1/thumb/v7e-m+dp/hard/crti.o
                0x08006c7c                _init
 .init          0x08006c80        0x8 C:/ST/STM32CubeIDE_1.16.0/STM32CubeIDE/plugins/com.st.stm32cube.ide.mcu.externaltools.gnu-tools-for-stm32.12.3.rel1.win32_1.0.200.202406191623/tools/bin/../lib/gcc/arm-none-eabi/12.3.1/thumb/v7e-m+dp/hard/crtn.o
 *(.fini)
 .fini          0x08006c88        0x4 C:/ST/STM32CubeIDE_1.16.0/STM32CubeIDE/plugins/com.st.stm32cube.ide.mcu.externaltools.gnu-tools-for-stm32.12.3.rel1.win32_1.0.200.202406191623/tools/bin/../lib/gcc/arm-none-eabi/12.3.1/thumb/v7e-m+dp/hard/crti.o
                0x08006c88                _fini
 .fini          0x08006c8c        0x8 C:/ST/STM32CubeIDE_1.16.0/STM32CubeIDE/plugins/com.st.stm32cube.ide.mcu.externaltools.gnu-tools-for-stm32.12.3.rel1.win32_1.0.200.202406191623/tools/bin/../lib/gcc/arm-none-eabi/12.3.1/thumb/v7e-m+dp/hard/crtn.o
                0x08006c94                        . = ALIGN (0x4)
                0x08006c94                        _etext = .

.vfp11_veneer   0x08006c94        0x0
 .vfp11_veneer  0x08006c94        0x0 linker stubs

.v4_bx          0x08006c94        0x0
 .v4_bx         0x08006c94        0x0 linker stubs

.iplt           0x08006c94        0x0
 .iplt          0x08006c94        0x0 C:/ST/STM32CubeIDE_1.16.0/STM32CubeIDE/plugins/com.st.stm32cube.ide.mcu.externaltools.gnu-tools-for-stm32.12.3.rel1.win32_1.0.200.202406191623/tools/bin/../lib/gcc/arm-none-eabi/12.3.1/thumb/v7e-m+dp/hard/crtbegin.o

.rodata         0x08006c94      0x830
                0x08006c94                        . = ALIGN (0x4)
 *(.rodata)
 .rodata        0x08006c94       0x33 ./Core/Src/ili9341.o
 *fill*         0x08006cc7        0x1 
 .rodata        0x08006cc8       0x75 ./Core/Src/main.o
 *fill*         0x08006d3d        0x3 
 .rodata        0x08006d40        0x5 ./Middlewares/Third_Party/FreeRTOS/Source/tasks.o
 *(.rodata*)
 *fill*         0x08006d45        0x3 
 .rodata.Font7x10
                0x08006d48      0x76c ./Core/Src/fonts.o
 .rodata.D1CorePrescTable
                0x080074b4       0x10 ./Core/Src/system_stm32h7xx.o
                0x080074b4                D1CorePrescTable
                0x080074c4                        . = ALIGN (0x4)

.ARM.extab
 *(.ARM.extab* .gnu.linkonce.armextab.*)

.ARM            0x080074c4        0x0
                0x080074c4                        __exidx_start = .
 *(.ARM.exidx*)
                0x080074c4                        __exidx_end = .

.preinit_array  0x080074c4        0x0
                0x080074c4                        PROVIDE (__preinit_array_start = .)
 *(.preinit_array*)
                0x080074c4                        PROVIDE (__preinit_array_end = .)

.init_array     0x080074c4        0x4
                0x080074c4                        PROVIDE (__init_array_start = .)
 *(SORT_BY_NAME(.init_array.*))
 *(.init_array*)
 .init_array    0x080074c4        0x4 C:/ST/STM32CubeIDE_1.16.0/STM32CubeIDE/plugins/com.st.stm32cube.ide.mcu.externaltools.gnu-tools-for-stm32.12.3.rel1.win32_1.0.200.202406191623/tools/bin/../lib/gcc/arm-none-eabi/12.3.1/thumb/v7e-m+dp/hard/crtbegin.o
                0x080074c8                        PROVIDE (__init_array_end = .)

.fini_array     0x080074c8        0x4
                [!provide]                        PROVIDE (__fini_array_start = .)
 *(SORT_BY_NAME(.fini_array.*))
 *(.fini_array*)
 .fini_array    0x080074c8        0x4 C:/ST/STM32CubeIDE_1.16.0/STM32CubeIDE/plugins/com.st.stm32cube.ide.mcu.externaltools.gnu-tools-for-stm32.12.3.rel1.win32_1.0.200.202406191623/tools/bin/../lib/gcc/arm-none-eabi/12.3.1/thumb/v7e-m+dp/hard/crtbegin.o
                [!provide]                        PROVIDE (__fini_array_end = .)
                0x080074cc                        _sidata = LOADADDR (.data)

.rel.dyn        0x080074cc        0x0
 .rel.iplt      0x080074cc        0x0 C:/ST/STM32CubeIDE_1.16.0/STM32CubeIDE/plugins/com.st.stm32cube.ide.mcu.externaltools.gnu-tools-for-stm32.12.3.rel1.win32_1.0.200.202406191623/tools/bin/../lib/gcc/arm-none-eabi/12.3.1/thumb/v7e-m+dp/hard/crtbegin.o

.data           0x24000000       0x1c load address 0x080074cc
                0x24000000                        . = ALIGN (0x4)
                0x24000000                        _sdata = .
 *(.data)
 *(.data*)
 .data.Font_7x10
                0x24000000        0x8 ./Core/Src/fonts.o
                0x24000000                Font_7x10
 .data.SystemCoreClock
                0x24000008        0x4 ./Core/Src/system_stm32h7xx.o
                0x24000008                SystemCoreClock
 .data.SystemD2Clock
                0x2400000c        0x4 ./Core/Src/system_stm32h7xx.o
                0x2400000c                SystemD2Clock
 .data.uwTickPrio
                0x24000010        0x4 ./Drivers/STM32H7xx_HAL_Driver/Src/stm32h7xx_hal.o
                0x24000010                uwTickPrio
 .data.uwTickFreq
                0x24000014        0x1 ./Drivers/STM32H7xx_HAL_Driver/Src/stm32h7xx_hal.o
                0x24000014                uwTickFreq
 *fill*         0x24000015        0x3 
 .data.uxCriticalNesting
                0x24000018        0x4 ./Middlewares/Third_Party/FreeRTOS/Source/portable/GCC/ARM_CM4F/port.o
 *(.RamFunc)
 *(.RamFunc*)
                0x2400001c                        . = ALIGN (0x4)
                0x2400001c                        _edata = .

.igot.plt       0x2400001c        0x0 load address 0x080074e8
 .igot.plt      0x2400001c        0x0 C:/ST/STM32CubeIDE_1.16.0/STM32CubeIDE/plugins/com.st.stm32cube.ide.mcu.externaltools.gnu-tools-for-stm32.12.3.rel1.win32_1.0.200.202406191623/tools/bin/../lib/gcc/arm-none-eabi/12.3.1/thumb/v7e-m+dp/hard/crtbegin.o
                0x2400001c                        . = ALIGN (0x4)

.bss            0x2400001c     0x40b4 load address 0x080074e8
                0x2400001c                        _sbss = .
                0x2400001c                        __bss_start__ = _sbss
 *(.bss)
 .bss           0x2400001c       0x1c C:/ST/STM32CubeIDE_1.16.0/STM32CubeIDE/plugins/com.st.stm32cube.ide.mcu.externaltools.gnu-tools-for-stm32.12.3.rel1.win32_1.0.200.202406191623/tools/bin/../lib/gcc/arm-none-eabi/12.3.1/thumb/v7e-m+dp/hard/crtbegin.o
 *(.bss*)
 .bss.xIdleTaskTCBBuffer
                0x24000038       0x54 ./Core/Src/freertos.o
 .bss.xIdleStack
                0x2400008c      0x200 ./Core/Src/freertos.o
 .bss.hi2c1     0x2400028c       0x54 ./Core/Src/main.o
                0x2400028c                hi2c1
 .bss.stmpe811_struct
                0x240002e0        0x4 ./Core/Src/main.o
                0x240002e0                stmpe811_struct
 .bss.ili9341_struct
                0x240002e4        0x0 ./Core/Src/main.o
                0x240002e4                ili9341_struct
 .bss.hspi1     0x240002e4       0x88 ./Core/Src/main.o
                0x240002e4                hspi1
 .bss.touch_flag
                0x2400036c        0x1 ./Core/Src/main.o
                0x2400036c                touch_flag
 *fill*         0x2400036d        0x3 
 .bss.TouchTaskHandle
                0x24000370        0x4 ./Core/Src/main.o
                0x24000370                TouchTaskHandle
 .bss.TFTTaskHandle
                0x24000374        0x4 ./Core/Src/main.o
                0x24000374                TFTTaskHandle
 .bss.uwTick    0x24000378        0x4 ./Drivers/STM32H7xx_HAL_Driver/Src/stm32h7xx_hal.o
                0x24000378                uwTick
 .bss.pxCurrentTCB
                0x2400037c        0x4 ./Middlewares/Third_Party/FreeRTOS/Source/tasks.o
                0x2400037c                pxCurrentTCB
 .bss.pxReadyTasksLists
                0x24000380       0x8c ./Middlewares/Third_Party/FreeRTOS/Source/tasks.o
 .bss.xDelayedTaskList1
                0x2400040c       0x14 ./Middlewares/Third_Party/FreeRTOS/Source/tasks.o
 .bss.xDelayedTaskList2
                0x24000420       0x14 ./Middlewares/Third_Party/FreeRTOS/Source/tasks.o
 .bss.pxDelayedTaskList
                0x24000434        0x4 ./Middlewares/Third_Party/FreeRTOS/Source/tasks.o
 .bss.pxOverflowDelayedTaskList
                0x24000438        0x4 ./Middlewares/Third_Party/FreeRTOS/Source/tasks.o
 .bss.xPendingReadyList
                0x2400043c       0x14 ./Middlewares/Third_Party/FreeRTOS/Source/tasks.o
 .bss.xTasksWaitingTermination
                0x24000450       0x14 ./Middlewares/Third_Party/FreeRTOS/Source/tasks.o
 .bss.uxDeletedTasksWaitingCleanUp
                0x24000464        0x4 ./Middlewares/Third_Party/FreeRTOS/Source/tasks.o
 .bss.xSuspendedTaskList
                0x24000468       0x14 ./Middlewares/Third_Party/FreeRTOS/Source/tasks.o
 .bss.uxCurrentNumberOfTasks
                0x2400047c        0x4 ./Middlewares/Third_Party/FreeRTOS/Source/tasks.o
 .bss.xTickCount
                0x24000480        0x4 ./Middlewares/Third_Party/FreeRTOS/Source/tasks.o
 .bss.uxTopReadyPriority
                0x24000484        0x4 ./Middlewares/Third_Party/FreeRTOS/Source/tasks.o
 .bss.xSchedulerRunning
                0x24000488        0x4 ./Middlewares/Third_Party/FreeRTOS/Source/tasks.o
 .bss.xPendedTicks
                0x2400048c        0x4 ./Middlewares/Third_Party/FreeRTOS/Source/tasks.o
 .bss.xYieldPending
                0x24000490        0x4 ./Middlewares/Third_Party/FreeRTOS/Source/tasks.o
 .bss.xNumOfOverflows
                0x24000494        0x4 ./Middlewares/Third_Party/FreeRTOS/Source/tasks.o
 .bss.uxTaskNumber
                0x24000498        0x4 ./Middlewares/Third_Party/FreeRTOS/Source/tasks.o
 .bss.xNextTaskUnblockTime
                0x2400049c        0x4 ./Middlewares/Third_Party/FreeRTOS/Source/tasks.o
 .bss.xIdleTaskHandle
                0x240004a0        0x4 ./Middlewares/Third_Party/FreeRTOS/Source/tasks.o
 .bss.uxSchedulerSuspended
                0x240004a4        0x4 ./Middlewares/Third_Party/FreeRTOS/Source/tasks.o
 .bss.ucMaxSysCallPriority
                0x240004a8        0x1 ./Middlewares/Third_Party/FreeRTOS/Source/portable/GCC/ARM_CM4F/port.o
 *fill*         0x240004a9        0x3 
 .bss.ulMaxPRIGROUPValue
                0x240004ac        0x4 ./Middlewares/Third_Party/FreeRTOS/Source/portable/GCC/ARM_CM4F/port.o
 .bss.ucHeap    0x240004b0     0x3c00 ./Middlewares/Third_Party/FreeRTOS/Source/portable/MemMang/heap_4.o
 .bss.xStart    0x240040b0        0x8 ./Middlewares/Third_Party/FreeRTOS/Source/portable/MemMang/heap_4.o
 .bss.pxEnd     0x240040b8        0x4 ./Middlewares/Third_Party/FreeRTOS/Source/portable/MemMang/heap_4.o
 .bss.xFreeBytesRemaining
                0x240040bc        0x4 ./Middlewares/Third_Party/FreeRTOS/Source/portable/MemMang/heap_4.o
 .bss.xMinimumEverFreeBytesRemaining
                0x240040c0        0x4 ./Middlewares/Third_Party/FreeRTOS/Source/portable/MemMang/heap_4.o
 .bss.xNumberOfSuccessfulAllocations
                0x240040c4        0x4 ./Middlewares/Third_Party/FreeRTOS/Source/portable/MemMang/heap_4.o
 .bss.xNumberOfSuccessfulFrees
                0x240040c8        0x4 ./Middlewares/Third_Party/FreeRTOS/Source/portable/MemMang/heap_4.o
 .bss.xBlockAllocatedBit
                0x240040cc        0x4 ./Middlewares/Third_Party/FreeRTOS/Source/portable/MemMang/heap_4.o
 *(COMMON)
                0x240040d0                        . = ALIGN (0x4)
                0x240040d0                        _ebss = .
                0x240040d0                        __bss_end__ = _ebss

._user_heap_stack
                0x240040d0      0x600 load address 0x080074e8
                0x240040d0                        . = ALIGN (0x8)
                [!provide]                        PROVIDE (end = .)
                0x240040d0                        PROVIDE (_end = .)
                0x240042d0                        . = (. + _Min_Heap_Size)
 *fill*         0x240040d0      0x200 
                0x240046d0                        . = (. + _Min_Stack_Size)
 *fill*         0x240042d0      0x400 
                0x240046d0                        . = ALIGN (0x8)

/DISCARD/
 libc.a(*)
 libm.a(*)
 libgcc.a(*)

.ARM.attributes
                0x00000000       0x2e
 *(.ARM.attributes)
 .ARM.attributes
                0x00000000       0x20 C:/ST/STM32CubeIDE_1.16.0/STM32CubeIDE/plugins/com.st.stm32cube.ide.mcu.externaltools.gnu-tools-for-stm32.12.3.rel1.win32_1.0.200.202406191623/tools/bin/../lib/gcc/arm-none-eabi/12.3.1/thumb/v7e-m+dp/hard/crti.o
 .ARM.attributes
                0x00000020       0x32 C:/ST/STM32CubeIDE_1.16.0/STM32CubeIDE/plugins/com.st.stm32cube.ide.mcu.externaltools.gnu-tools-for-stm32.12.3.rel1.win32_1.0.200.202406191623/tools/bin/../lib/gcc/arm-none-eabi/12.3.1/thumb/v7e-m+dp/hard/crtbegin.o
 .ARM.attributes
                0x00000052       0x32 ./Core/Src/fonts.o
 .ARM.attributes
                0x00000084       0x32 ./Core/Src/freertos.o
 .ARM.attributes
                0x000000b6       0x32 ./Core/Src/ili9341.o
 .ARM.attributes
                0x000000e8       0x32 ./Core/Src/main.o
 .ARM.attributes
                0x0000011a       0x32 ./Core/Src/stm32h7xx_hal_msp.o
 .ARM.attributes
                0x0000014c       0x32 ./Core/Src/stm32h7xx_it.o
 .ARM.attributes
                0x0000017e       0x32 ./Core/Src/stmpe811.o
 .ARM.attributes
                0x000001b0       0x32 ./Core/Src/system_stm32h7xx.o
 .ARM.attributes
                0x000001e2       0x21 ./Core/Startup/startup_stm32h743zitx.o
 .ARM.attributes
                0x00000203       0x32 ./Drivers/STM32H7xx_HAL_Driver/Src/stm32h7xx_hal.o
 .ARM.attributes
                0x00000235       0x32 ./Drivers/STM32H7xx_HAL_Driver/Src/stm32h7xx_hal_cortex.o
 .ARM.attributes
                0x00000267       0x32 ./Drivers/STM32H7xx_HAL_Driver/Src/stm32h7xx_hal_gpio.o
 .ARM.attributes
                0x00000299       0x32 ./Drivers/STM32H7xx_HAL_Driver/Src/stm32h7xx_hal_i2c.o
 .ARM.attributes
                0x000002cb       0x32 ./Drivers/STM32H7xx_HAL_Driver/Src/stm32h7xx_hal_i2c_ex.o
 .ARM.attributes
                0x000002fd       0x32 ./Drivers/STM32H7xx_HAL_Driver/Src/stm32h7xx_hal_pwr_ex.o
 .ARM.attributes
                0x0000032f       0x32 ./Drivers/STM32H7xx_HAL_Driver/Src/stm32h7xx_hal_rcc.o
 .ARM.attributes
                0x00000361       0x32 ./Drivers/STM32H7xx_HAL_Driver/Src/stm32h7xx_hal_rcc_ex.o
 .ARM.attributes
                0x00000393       0x32 ./Drivers/STM32H7xx_HAL_Driver/Src/stm32h7xx_hal_spi.o
 .ARM.attributes
                0x000003c5       0x32 ./Middlewares/Third_Party/FreeRTOS/Source/CMSIS_RTOS/cmsis_os.o
 .ARM.attributes
                0x000003f7       0x32 ./Middlewares/Third_Party/FreeRTOS/Source/list.o
 .ARM.attributes
                0x00000429       0x32 ./Middlewares/Third_Party/FreeRTOS/Source/tasks.o
 .ARM.attributes
                0x0000045b       0x32 ./Middlewares/Third_Party/FreeRTOS/Source/portable/GCC/ARM_CM4F/port.o
 .ARM.attributes
                0x0000048d       0x32 ./Middlewares/Third_Party/FreeRTOS/Source/portable/MemMang/heap_4.o
 .ARM.attributes
                0x000004bf       0x32 C:/ST/STM32CubeIDE_1.16.0/STM32CubeIDE/plugins/com.st.stm32cube.ide.mcu.externaltools.gnu-tools-for-stm32.12.3.rel1.win32_1.0.200.202406191623/tools/bin/../lib/gcc/arm-none-eabi/12.3.1/../../../../arm-none-eabi/lib/thumb/v7e-m+dp/hard\libc_nano.a(libc_a-memset.o)
 .ARM.attributes
                0x000004f1       0x32 C:/ST/STM32CubeIDE_1.16.0/STM32CubeIDE/plugins/com.st.stm32cube.ide.mcu.externaltools.gnu-tools-for-stm32.12.3.rel1.win32_1.0.200.202406191623/tools/bin/../lib/gcc/arm-none-eabi/12.3.1/../../../../arm-none-eabi/lib/thumb/v7e-m+dp/hard\libc_nano.a(libc_a-init.o)
 .ARM.attributes
                0x00000523       0x20 C:/ST/STM32CubeIDE_1.16.0/STM32CubeIDE/plugins/com.st.stm32cube.ide.mcu.externaltools.gnu-tools-for-stm32.12.3.rel1.win32_1.0.200.202406191623/tools/bin/../lib/gcc/arm-none-eabi/12.3.1/thumb/v7e-m+dp/hard/crtn.o
OUTPUT(cypher_x2.elf elf32-littlearm)
LOAD linker stubs
LOAD C:/ST/STM32CubeIDE_1.16.0/STM32CubeIDE/plugins/com.st.stm32cube.ide.mcu.externaltools.gnu-tools-for-stm32.12.3.rel1.win32_1.0.200.202406191623/tools/bin/../lib/gcc/arm-none-eabi/12.3.1/../../../../arm-none-eabi/lib/thumb/v7e-m+dp/hard\libc.a
LOAD C:/ST/STM32CubeIDE_1.16.0/STM32CubeIDE/plugins/com.st.stm32cube.ide.mcu.externaltools.gnu-tools-for-stm32.12.3.rel1.win32_1.0.200.202406191623/tools/bin/../lib/gcc/arm-none-eabi/12.3.1/../../../../arm-none-eabi/lib/thumb/v7e-m+dp/hard\libm.a
LOAD C:/ST/STM32CubeIDE_1.16.0/STM32CubeIDE/plugins/com.st.stm32cube.ide.mcu.externaltools.gnu-tools-for-stm32.12.3.rel1.win32_1.0.200.202406191623/tools/bin/../lib/gcc/arm-none-eabi/12.3.1/thumb/v7e-m+dp/hard\libgcc.a

.debug_info     0x00000000    0x14733
 .debug_info    0x00000000      0x125 ./Core/Src/fonts.o
 .debug_info    0x00000125      0x287 ./Core/Src/freertos.o
 .debug_info    0x000003ac      0xdc1 ./Core/Src/ili9341.o
 .debug_info    0x0000116d     0x1c4d ./Core/Src/main.o
 .debug_info    0x00002dba     0x179e ./Core/Src/stm32h7xx_hal_msp.o
 .debug_info    0x00004558      0x129 ./Core/Src/stm32h7xx_it.o
 .debug_info    0x00004681      0x81a ./Core/Src/stmpe811.o
 .debug_info    0x00004e9b      0xcef ./Core/Src/system_stm32h7xx.o
 .debug_info    0x00005b8a       0x30 ./Core/Startup/startup_stm32h743zitx.o
 .debug_info    0x00005bba     0x153b ./Drivers/STM32H7xx_HAL_Driver/Src/stm32h7xx_hal.o
 .debug_info    0x000070f5     0x10ac ./Drivers/STM32H7xx_HAL_Driver/Src/stm32h7xx_hal_cortex.o
 .debug_info    0x000081a1      0xc4b ./Drivers/STM32H7xx_HAL_Driver/Src/stm32h7xx_hal_gpio.o
 .debug_info    0x00008dec     0x22a1 ./Drivers/STM32H7xx_HAL_Driver/Src/stm32h7xx_hal_i2c.o
 .debug_info    0x0000b08d      0xd84 ./Drivers/STM32H7xx_HAL_Driver/Src/stm32h7xx_hal_i2c_ex.o
 .debug_info    0x0000be11     0x1008 ./Drivers/STM32H7xx_HAL_Driver/Src/stm32h7xx_hal_pwr_ex.o
 .debug_info    0x0000ce19      0xe5b ./Drivers/STM32H7xx_HAL_Driver/Src/stm32h7xx_hal_rcc.o
 .debug_info    0x0000dc74     0x1216 ./Drivers/STM32H7xx_HAL_Driver/Src/stm32h7xx_hal_rcc_ex.o
 .debug_info    0x0000ee8a     0x1440 ./Drivers/STM32H7xx_HAL_Driver/Src/stm32h7xx_hal_spi.o
 .debug_info    0x000102ca     0x1b60 ./Middlewares/Third_Party/FreeRTOS/Source/CMSIS_RTOS/cmsis_os.o
 .debug_info    0x00011e2a      0x2af ./Middlewares/Third_Party/FreeRTOS/Source/list.o
 .debug_info    0x000120d9     0x1ca7 ./Middlewares/Third_Party/FreeRTOS/Source/tasks.o
 .debug_info    0x00013d80      0x4de ./Middlewares/Third_Party/FreeRTOS/Source/portable/GCC/ARM_CM4F/port.o
 .debug_info    0x0001425e      0x4d5 ./Middlewares/Third_Party/FreeRTOS/Source/portable/MemMang/heap_4.o

.debug_abbrev   0x00000000     0x303a
 .debug_abbrev  0x00000000       0xad ./Core/Src/fonts.o
 .debug_abbrev  0x000000ad       0xd2 ./Core/Src/freertos.o
 .debug_abbrev  0x0000017f      0x245 ./Core/Src/ili9341.o
 .debug_abbrev  0x000003c4      0x36d ./Core/Src/main.o
 .debug_abbrev  0x00000731      0x218 ./Core/Src/stm32h7xx_hal_msp.o
 .debug_abbrev  0x00000949       0xaa ./Core/Src/stm32h7xx_it.o
 .debug_abbrev  0x000009f3      0x1b2 ./Core/Src/stmpe811.o
 .debug_abbrev  0x00000ba5      0x14c ./Core/Src/system_stm32h7xx.o
 .debug_abbrev  0x00000cf1       0x24 ./Core/Startup/startup_stm32h743zitx.o
 .debug_abbrev  0x00000d15      0x295 ./Drivers/STM32H7xx_HAL_Driver/Src/stm32h7xx_hal.o
 .debug_abbrev  0x00000faa      0x339 ./Drivers/STM32H7xx_HAL_Driver/Src/stm32h7xx_hal_cortex.o
 .debug_abbrev  0x000012e3      0x1fe ./Drivers/STM32H7xx_HAL_Driver/Src/stm32h7xx_hal_gpio.o
 .debug_abbrev  0x000014e1      0x25d ./Drivers/STM32H7xx_HAL_Driver/Src/stm32h7xx_hal_i2c.o
 .debug_abbrev  0x0000173e      0x1f5 ./Drivers/STM32H7xx_HAL_Driver/Src/stm32h7xx_hal_i2c_ex.o
 .debug_abbrev  0x00001933      0x2a7 ./Drivers/STM32H7xx_HAL_Driver/Src/stm32h7xx_hal_pwr_ex.o
 .debug_abbrev  0x00001bda      0x2c8 ./Drivers/STM32H7xx_HAL_Driver/Src/stm32h7xx_hal_rcc.o
 .debug_abbrev  0x00001ea2      0x269 ./Drivers/STM32H7xx_HAL_Driver/Src/stm32h7xx_hal_rcc_ex.o
 .debug_abbrev  0x0000210b      0x2b1 ./Drivers/STM32H7xx_HAL_Driver/Src/stm32h7xx_hal_spi.o
 .debug_abbrev  0x000023bc      0x3b7 ./Middlewares/Third_Party/FreeRTOS/Source/CMSIS_RTOS/cmsis_os.o
 .debug_abbrev  0x00002773       0xf5 ./Middlewares/Third_Party/FreeRTOS/Source/list.o
 .debug_abbrev  0x00002868      0x359 ./Middlewares/Third_Party/FreeRTOS/Source/tasks.o
 .debug_abbrev  0x00002bc1      0x25c ./Middlewares/Third_Party/FreeRTOS/Source/portable/GCC/ARM_CM4F/port.o
 .debug_abbrev  0x00002e1d      0x21d ./Middlewares/Third_Party/FreeRTOS/Source/portable/MemMang/heap_4.o

.debug_aranges  0x00000000     0x1140
 .debug_aranges
                0x00000000       0x18 ./Core/Src/fonts.o
 .debug_aranges
                0x00000018       0x20 ./Core/Src/freertos.o
 .debug_aranges
                0x00000038       0x70 ./Core/Src/ili9341.o
 .debug_aranges
                0x000000a8       0x60 ./Core/Src/main.o
 .debug_aranges
                0x00000108       0x40 ./Core/Src/stm32h7xx_hal_msp.o
 .debug_aranges
                0x00000148       0x50 ./Core/Src/stm32h7xx_it.o
 .debug_aranges
                0x00000198       0x28 ./Core/Src/stmpe811.o
 .debug_aranges
                0x000001c0       0x28 ./Core/Src/system_stm32h7xx.o
 .debug_aranges
                0x000001e8       0x28 ./Core/Startup/startup_stm32h743zitx.o
 .debug_aranges
                0x00000210      0x198 ./Drivers/STM32H7xx_HAL_Driver/Src/stm32h7xx_hal.o
 .debug_aranges
                0x000003a8      0x130 ./Drivers/STM32H7xx_HAL_Driver/Src/stm32h7xx_hal_cortex.o
 .debug_aranges
                0x000004d8       0x58 ./Drivers/STM32H7xx_HAL_Driver/Src/stm32h7xx_hal_gpio.o
 .debug_aranges
                0x00000530      0x2a0 ./Drivers/STM32H7xx_HAL_Driver/Src/stm32h7xx_hal_i2c.o
 .debug_aranges
                0x000007d0       0x48 ./Drivers/STM32H7xx_HAL_Driver/Src/stm32h7xx_hal_i2c_ex.o
 .debug_aranges
                0x00000818      0x158 ./Drivers/STM32H7xx_HAL_Driver/Src/stm32h7xx_hal_pwr_ex.o
 .debug_aranges
                0x00000970       0x88 ./Drivers/STM32H7xx_HAL_Driver/Src/stm32h7xx_hal_rcc.o
 .debug_aranges
                0x000009f8       0xf8 ./Drivers/STM32H7xx_HAL_Driver/Src/stm32h7xx_hal_rcc_ex.o
 .debug_aranges
                0x00000af0      0x1a8 ./Drivers/STM32H7xx_HAL_Driver/Src/stm32h7xx_hal_spi.o
 .debug_aranges
                0x00000c98      0x1d8 ./Middlewares/Third_Party/FreeRTOS/Source/CMSIS_RTOS/cmsis_os.o
 .debug_aranges
                0x00000e70       0x40 ./Middlewares/Third_Party/FreeRTOS/Source/list.o
 .debug_aranges
                0x00000eb0      0x1b8 ./Middlewares/Third_Party/FreeRTOS/Source/tasks.o
 .debug_aranges
                0x00001068       0x80 ./Middlewares/Third_Party/FreeRTOS/Source/portable/GCC/ARM_CM4F/port.o
 .debug_aranges
                0x000010e8       0x58 ./Middlewares/Third_Party/FreeRTOS/Source/portable/MemMang/heap_4.o

.debug_macro    0x00000000    0x37a57
 .debug_macro   0x00000000       0x6d ./Core/Src/fonts.o
 .debug_macro   0x0000006d      0xacc ./Core/Src/fonts.o
 .debug_macro   0x00000b39       0x22 ./Core/Src/fonts.o
 .debug_macro   0x00000b5b       0x8e ./Core/Src/fonts.o
 .debug_macro   0x00000be9       0x51 ./Core/Src/fonts.o
 .debug_macro   0x00000c3a      0x103 ./Core/Src/fonts.o
 .debug_macro   0x00000d3d       0x6a ./Core/Src/fonts.o
 .debug_macro   0x00000da7      0x1df ./Core/Src/fonts.o
 .debug_macro   0x00000f86      0x30b ./Core/Src/freertos.o
 .debug_macro   0x00001291      0x189 ./Core/Src/freertos.o
 .debug_macro   0x0000141a       0xe4 ./Core/Src/freertos.o
 .debug_macro   0x000014fe      0x15a ./Core/Src/freertos.o
 .debug_macro   0x00001658       0xde ./Core/Src/freertos.o
 .debug_macro   0x00001736       0x1c ./Core/Src/freertos.o
 .debug_macro   0x00001752       0x26 ./Core/Src/freertos.o
 .debug_macro   0x00001778      0x504 ./Core/Src/freertos.o
 .debug_macro   0x00001c7c       0xb5 ./Core/Src/freertos.o
 .debug_macro   0x00001d31       0xaa ./Core/Src/freertos.o
 .debug_macro   0x00001ddb      0x232 ./Core/Src/freertos.o
 .debug_macro   0x0000200d       0x2e ./Core/Src/freertos.o
 .debug_macro   0x0000203b       0x3b ./Core/Src/freertos.o
 .debug_macro   0x00002076       0x1c ./Core/Src/freertos.o
 .debug_macro   0x00002092       0x22 ./Core/Src/freertos.o
 .debug_macro   0x000020b4       0xfb ./Core/Src/freertos.o
 .debug_macro   0x000021af     0x1305 ./Core/Src/freertos.o
 .debug_macro   0x000034b4      0x11f ./Core/Src/freertos.o
 .debug_macro   0x000035d3       0x27 ./Core/Src/freertos.o
 .debug_macro   0x000035fa    0x258f9 ./Core/Src/freertos.o
 .debug_macro   0x00028ef3       0x6d ./Core/Src/freertos.o
 .debug_macro   0x00028f60     0x3d79 ./Core/Src/freertos.o
 .debug_macro   0x0002ccd9       0x61 ./Core/Src/freertos.o
 .debug_macro   0x0002cd3a       0x29 ./Core/Src/freertos.o
 .debug_macro   0x0002cd63       0x43 ./Core/Src/freertos.o
 .debug_macro   0x0002cda6       0x34 ./Core/Src/freertos.o
 .debug_macro   0x0002cdda       0x16 ./Core/Src/freertos.o
 .debug_macro   0x0002cdf0       0x43 ./Core/Src/freertos.o
 .debug_macro   0x0002ce33       0x34 ./Core/Src/freertos.o
 .debug_macro   0x0002ce67       0x10 ./Core/Src/freertos.o
 .debug_macro   0x0002ce77       0x58 ./Core/Src/freertos.o
 .debug_macro   0x0002cecf       0x8e ./Core/Src/freertos.o
 .debug_macro   0x0002cf5d       0x1c ./Core/Src/freertos.o
 .debug_macro   0x0002cf79      0x177 ./Core/Src/freertos.o
 .debug_macro   0x0002d0f0      0x369 ./Core/Src/freertos.o
 .debug_macro   0x0002d459      0x19b ./Core/Src/freertos.o
 .debug_macro   0x0002d5f4       0x5d ./Core/Src/freertos.o
 .debug_macro   0x0002d651     0x2382 ./Core/Src/freertos.o
 .debug_macro   0x0002f9d3     0x102c ./Core/Src/freertos.o
 .debug_macro   0x000309ff      0x154 ./Core/Src/freertos.o
 .debug_macro   0x00030b53      0x114 ./Core/Src/freertos.o
 .debug_macro   0x00030c67      0x3b6 ./Core/Src/freertos.o
 .debug_macro   0x0003101d       0xac ./Core/Src/freertos.o
 .debug_macro   0x000310c9      0x72d ./Core/Src/freertos.o
 .debug_macro   0x000317f6      0x228 ./Core/Src/freertos.o
 .debug_macro   0x00031a1e       0x66 ./Core/Src/freertos.o
 .debug_macro   0x00031a84      0x3bb ./Core/Src/freertos.o
 .debug_macro   0x00031e3f      0x3e4 ./Core/Src/freertos.o
 .debug_macro   0x00032223      0x275 ./Core/Src/freertos.o
 .debug_macro   0x00032498      0x3ca ./Core/Src/freertos.o
 .debug_macro   0x00032862      0x408 ./Core/Src/freertos.o
 .debug_macro   0x00032c6a       0x51 ./Core/Src/freertos.o
 .debug_macro   0x00032cbb       0x4a ./Core/Src/freertos.o
 .debug_macro   0x00032d05      0x22c ./Core/Src/freertos.o
 .debug_macro   0x00032f31       0x67 ./Core/Src/freertos.o
 .debug_macro   0x00032f98       0xa5 ./Core/Src/freertos.o
 .debug_macro   0x0003303d      0x1c4 ./Core/Src/freertos.o
 .debug_macro   0x00033201      0x25e ./Core/Src/freertos.o
 .debug_macro   0x0003345f       0x35 ./Core/Src/freertos.o
 .debug_macro   0x00033494      0x5e4 ./Core/Src/freertos.o
 .debug_macro   0x00033a78       0xc1 ./Core/Src/freertos.o
 .debug_macro   0x00033b39      0x5a0 ./Core/Src/freertos.o
 .debug_macro   0x000340d9      0x2bb ./Core/Src/ili9341.o
 .debug_macro   0x00034394       0x22 ./Core/Src/ili9341.o
 .debug_macro   0x000343b6       0x9a ./Core/Src/ili9341.o
 .debug_macro   0x00034450      0x381 ./Core/Src/main.o
 .debug_macro   0x000347d1       0xe4 ./Core/Src/main.o
 .debug_macro   0x000348b5       0x91 ./Core/Src/main.o
 .debug_macro   0x00034946       0x8d ./Core/Src/main.o
 .debug_macro   0x000349d3       0x7e ./Core/Src/main.o
 .debug_macro   0x00034a51       0x19 ./Core/Src/main.o
 .debug_macro   0x00034a6a       0xf2 ./Core/Src/main.o
 .debug_macro   0x00034b5c       0x5e ./Core/Src/main.o
 .debug_macro   0x00034bba      0x2a3 ./Core/Src/stm32h7xx_hal_msp.o
 .debug_macro   0x00034e5d      0x315 ./Core/Src/stm32h7xx_it.o
 .debug_macro   0x00035172      0x2a8 ./Core/Src/stmpe811.o
 .debug_macro   0x0003541a       0x58 ./Core/Src/stmpe811.o
 .debug_macro   0x00035472      0x299 ./Core/Src/system_stm32h7xx.o
 .debug_macro   0x0003570b      0x2c3 ./Drivers/STM32H7xx_HAL_Driver/Src/stm32h7xx_hal.o
 .debug_macro   0x000359ce      0x299 ./Drivers/STM32H7xx_HAL_Driver/Src/stm32h7xx_hal_cortex.o
 .debug_macro   0x00035c67      0x2a0 ./Drivers/STM32H7xx_HAL_Driver/Src/stm32h7xx_hal_gpio.o
 .debug_macro   0x00035f07      0x365 ./Drivers/STM32H7xx_HAL_Driver/Src/stm32h7xx_hal_i2c.o
 .debug_macro   0x0003626c      0x299 ./Drivers/STM32H7xx_HAL_Driver/Src/stm32h7xx_hal_i2c_ex.o
 .debug_macro   0x00036505      0x2d2 ./Drivers/STM32H7xx_HAL_Driver/Src/stm32h7xx_hal_pwr_ex.o
 .debug_macro   0x000367d7      0x2bd ./Drivers/STM32H7xx_HAL_Driver/Src/stm32h7xx_hal_rcc.o
 .debug_macro   0x00036a94      0x2b7 ./Drivers/STM32H7xx_HAL_Driver/Src/stm32h7xx_hal_rcc_ex.o
 .debug_macro   0x00036d4b      0x2a1 ./Drivers/STM32H7xx_HAL_Driver/Src/stm32h7xx_hal_spi.o
 .debug_macro   0x00036fec      0x1fe ./Middlewares/Third_Party/FreeRTOS/Source/CMSIS_RTOS/cmsis_os.o
 .debug_macro   0x000371ea       0x10 ./Middlewares/Third_Party/FreeRTOS/Source/CMSIS_RTOS/cmsis_os.o
 .debug_macro   0x000371fa       0x20 ./Middlewares/Third_Party/FreeRTOS/Source/CMSIS_RTOS/cmsis_os.o
 .debug_macro   0x0003721a       0xe9 ./Middlewares/Third_Party/FreeRTOS/Source/CMSIS_RTOS/cmsis_os.o
 .debug_macro   0x00037303      0x187 ./Middlewares/Third_Party/FreeRTOS/Source/list.o
 .debug_macro   0x0003748a      0x279 ./Middlewares/Third_Party/FreeRTOS/Source/tasks.o
 .debug_macro   0x00037703       0x10 ./Middlewares/Third_Party/FreeRTOS/Source/tasks.o
 .debug_macro   0x00037713      0x196 ./Middlewares/Third_Party/FreeRTOS/Source/portable/GCC/ARM_CM4F/port.o
 .debug_macro   0x000378a9      0x1ae ./Middlewares/Third_Party/FreeRTOS/Source/portable/MemMang/heap_4.o

.debug_line     0x00000000    0x16c06
 .debug_line    0x00000000      0x412 ./Core/Src/fonts.o
 .debug_line    0x00000412      0x9b0 ./Core/Src/freertos.o
 .debug_line    0x00000dc2      0xbbd ./Core/Src/ili9341.o
 .debug_line    0x0000197f      0xce6 ./Core/Src/main.o
 .debug_line    0x00002665      0x971 ./Core/Src/stm32h7xx_hal_msp.o
 .debug_line    0x00002fd6      0xa5a ./Core/Src/stm32h7xx_it.o
 .debug_line    0x00003a30      0x8ff ./Core/Src/stmpe811.o
 .debug_line    0x0000432f      0xa6d ./Core/Src/system_stm32h7xx.o
 .debug_line    0x00004d9c       0x7a ./Core/Startup/startup_stm32h743zitx.o
 .debug_line    0x00004e16      0xe62 ./Drivers/STM32H7xx_HAL_Driver/Src/stm32h7xx_hal.o
 .debug_line    0x00005c78      0xe91 ./Drivers/STM32H7xx_HAL_Driver/Src/stm32h7xx_hal_cortex.o
 .debug_line    0x00006b09      0xd3a ./Drivers/STM32H7xx_HAL_Driver/Src/stm32h7xx_hal_gpio.o
 .debug_line    0x00007843     0x3ece ./Drivers/STM32H7xx_HAL_Driver/Src/stm32h7xx_hal_i2c.o
 .debug_line    0x0000b711      0xacf ./Drivers/STM32H7xx_HAL_Driver/Src/stm32h7xx_hal_i2c_ex.o
 .debug_line    0x0000c1e0      0xf85 ./Drivers/STM32H7xx_HAL_Driver/Src/stm32h7xx_hal_pwr_ex.o
 .debug_line    0x0000d165     0x1432 ./Drivers/STM32H7xx_HAL_Driver/Src/stm32h7xx_hal_rcc.o
 .debug_line    0x0000e597     0x1d4a ./Drivers/STM32H7xx_HAL_Driver/Src/stm32h7xx_hal_rcc_ex.o
 .debug_line    0x000102e1     0x2382 ./Drivers/STM32H7xx_HAL_Driver/Src/stm32h7xx_hal_spi.o
 .debug_line    0x00012663     0x1266 ./Middlewares/Third_Party/FreeRTOS/Source/CMSIS_RTOS/cmsis_os.o
 .debug_line    0x000138c9      0x796 ./Middlewares/Third_Party/FreeRTOS/Source/list.o
 .debug_line    0x0001405f     0x19ad ./Middlewares/Third_Party/FreeRTOS/Source/tasks.o
 .debug_line    0x00015a0c      0x839 ./Middlewares/Third_Party/FreeRTOS/Source/portable/GCC/ARM_CM4F/port.o
 .debug_line    0x00016245      0x9c1 ./Middlewares/Third_Party/FreeRTOS/Source/portable/MemMang/heap_4.o

.debug_str      0x00000000   0x15cd80
 .debug_str     0x00000000     0x3c3e ./Core/Src/fonts.o
                               0x3dba (size before relaxing)
 .debug_str     0x00003c3e   0x14f003 ./Core/Src/freertos.o
                             0x153074 (size before relaxing)
 .debug_str     0x00152c41      0xb0b ./Core/Src/ili9341.o
                             0x14fd20 (size before relaxing)
 .debug_str     0x0015374c     0x2eb8 ./Core/Src/main.o
                             0x156953 (size before relaxing)
 .debug_str     0x00156604      0xb7b ./Core/Src/stm32h7xx_hal_msp.o
                             0x1508d9 (size before relaxing)
 .debug_str     0x0015717f       0xd9 ./Core/Src/stm32h7xx_it.o
                             0x152fd5 (size before relaxing)
 .debug_str     0x00157258       0x4f ./Core/Src/stmpe811.o
                             0x14f97d (size before relaxing)
 .debug_str     0x001572a7      0x344 ./Core/Src/system_stm32h7xx.o
                             0x14f6dc (size before relaxing)
 .debug_str     0x001575eb       0x44 ./Core/Startup/startup_stm32h743zitx.o
                                 0x81 (size before relaxing)
 .debug_str     0x0015762f      0x7ef ./Drivers/STM32H7xx_HAL_Driver/Src/stm32h7xx_hal.o
                             0x1505f2 (size before relaxing)
 .debug_str     0x00157e1e      0x2d7 ./Drivers/STM32H7xx_HAL_Driver/Src/stm32h7xx_hal_cortex.o
                             0x15002d (size before relaxing)
 .debug_str     0x001580f5       0xf1 ./Drivers/STM32H7xx_HAL_Driver/Src/stm32h7xx_hal_gpio.o
                             0x14f693 (size before relaxing)
 .debug_str     0x001581e6      0xe32 ./Drivers/STM32H7xx_HAL_Driver/Src/stm32h7xx_hal_i2c.o
                             0x15072b (size before relaxing)
 .debug_str     0x00159018       0xb8 ./Drivers/STM32H7xx_HAL_Driver/Src/stm32h7xx_hal_i2c_ex.o
                             0x14fad8 (size before relaxing)
 .debug_str     0x001590d0      0x642 ./Drivers/STM32H7xx_HAL_Driver/Src/stm32h7xx_hal_pwr_ex.o
                             0x14fb54 (size before relaxing)
 .debug_str     0x00159712      0x22e ./Drivers/STM32H7xx_HAL_Driver/Src/stm32h7xx_hal_rcc.o
                             0x14fa77 (size before relaxing)
 .debug_str     0x00159940      0x639 ./Drivers/STM32H7xx_HAL_Driver/Src/stm32h7xx_hal_rcc_ex.o
                             0x14ff58 (size before relaxing)
 .debug_str     0x00159f79      0x52a ./Drivers/STM32H7xx_HAL_Driver/Src/stm32h7xx_hal_spi.o
                             0x14fd9b (size before relaxing)
 .debug_str     0x0015a4a3      0xaf8 ./Middlewares/Third_Party/FreeRTOS/Source/CMSIS_RTOS/cmsis_os.o
                               0xe8e8 (size before relaxing)
 .debug_str     0x0015af9b      0x20f ./Middlewares/Third_Party/FreeRTOS/Source/list.o
                               0xab25 (size before relaxing)
 .debug_str     0x0015b1aa     0x1126 ./Middlewares/Third_Party/FreeRTOS/Source/tasks.o
                               0xce90 (size before relaxing)
 .debug_str     0x0015c2d0      0x783 ./Middlewares/Third_Party/FreeRTOS/Source/portable/GCC/ARM_CM4F/port.o
                               0x876e (size before relaxing)
 .debug_str     0x0015ca53      0x32d ./Middlewares/Third_Party/FreeRTOS/Source/portable/MemMang/heap_4.o
                               0xb467 (size before relaxing)

.comment        0x00000000       0x43
 .comment       0x00000000       0x43 ./Core/Src/fonts.o
                                 0x44 (size before relaxing)
 .comment       0x00000043       0x44 ./Core/Src/freertos.o
 .comment       0x00000043       0x44 ./Core/Src/ili9341.o
 .comment       0x00000043       0x44 ./Core/Src/main.o
 .comment       0x00000043       0x44 ./Core/Src/stm32h7xx_hal_msp.o
 .comment       0x00000043       0x44 ./Core/Src/stm32h7xx_it.o
 .comment       0x00000043       0x44 ./Core/Src/stmpe811.o
 .comment       0x00000043       0x44 ./Core/Src/system_stm32h7xx.o
 .comment       0x00000043       0x44 ./Drivers/STM32H7xx_HAL_Driver/Src/stm32h7xx_hal.o
 .comment       0x00000043       0x44 ./Drivers/STM32H7xx_HAL_Driver/Src/stm32h7xx_hal_cortex.o
 .comment       0x00000043       0x44 ./Drivers/STM32H7xx_HAL_Driver/Src/stm32h7xx_hal_gpio.o
 .comment       0x00000043       0x44 ./Drivers/STM32H7xx_HAL_Driver/Src/stm32h7xx_hal_i2c.o
 .comment       0x00000043       0x44 ./Drivers/STM32H7xx_HAL_Driver/Src/stm32h7xx_hal_i2c_ex.o
 .comment       0x00000043       0x44 ./Drivers/STM32H7xx_HAL_Driver/Src/stm32h7xx_hal_pwr_ex.o
 .comment       0x00000043       0x44 ./Drivers/STM32H7xx_HAL_Driver/Src/stm32h7xx_hal_rcc.o
 .comment       0x00000043       0x44 ./Drivers/STM32H7xx_HAL_Driver/Src/stm32h7xx_hal_rcc_ex.o
 .comment       0x00000043       0x44 ./Drivers/STM32H7xx_HAL_Driver/Src/stm32h7xx_hal_spi.o
 .comment       0x00000043       0x44 ./Middlewares/Third_Party/FreeRTOS/Source/CMSIS_RTOS/cmsis_os.o
 .comment       0x00000043       0x44 ./Middlewares/Third_Party/FreeRTOS/Source/list.o
 .comment       0x00000043       0x44 ./Middlewares/Third_Party/FreeRTOS/Source/tasks.o
 .comment       0x00000043       0x44 ./Middlewares/Third_Party/FreeRTOS/Source/portable/GCC/ARM_CM4F/port.o
 .comment       0x00000043       0x44 ./Middlewares/Third_Party/FreeRTOS/Source/portable/MemMang/heap_4.o

.debug_rnglists
                0x00000000      0xd17
 .debug_rnglists
                0x00000000       0x13 ./Core/Src/freertos.o
 .debug_rnglists
                0x00000013       0x54 ./Core/Src/ili9341.o
 .debug_rnglists
                0x00000067       0x4a ./Core/Src/main.o
 .debug_rnglists
                0x000000b1       0x2d ./Core/Src/stm32h7xx_hal_msp.o
 .debug_rnglists
                0x000000de       0x37 ./Core/Src/stm32h7xx_it.o
 .debug_rnglists
                0x00000115       0x19 ./Core/Src/stmpe811.o
 .debug_rnglists
                0x0000012e       0x1b ./Core/Src/system_stm32h7xx.o
 .debug_rnglists
                0x00000149       0x19 ./Core/Startup/startup_stm32h743zitx.o
 .debug_rnglists
                0x00000162      0x131 ./Drivers/STM32H7xx_HAL_Driver/Src/stm32h7xx_hal.o
 .debug_rnglists
                0x00000293       0xe0 ./Drivers/STM32H7xx_HAL_Driver/Src/stm32h7xx_hal_cortex.o
 .debug_rnglists
                0x00000373       0x3f ./Drivers/STM32H7xx_HAL_Driver/Src/stm32h7xx_hal_gpio.o
 .debug_rnglists
                0x000003b2      0x22a ./Drivers/STM32H7xx_HAL_Driver/Src/stm32h7xx_hal_i2c.o
 .debug_rnglists
                0x000005dc       0x35 ./Drivers/STM32H7xx_HAL_Driver/Src/stm32h7xx_hal_i2c_ex.o
 .debug_rnglists
                0x00000611      0x103 ./Drivers/STM32H7xx_HAL_Driver/Src/stm32h7xx_hal_pwr_ex.o
 .debug_rnglists
                0x00000714       0x68 ./Drivers/STM32H7xx_HAL_Driver/Src/stm32h7xx_hal_rcc.o
 .debug_rnglists
                0x0000077c       0xc0 ./Drivers/STM32H7xx_HAL_Driver/Src/stm32h7xx_hal_rcc_ex.o
 .debug_rnglists
                0x0000083c      0x148 ./Drivers/STM32H7xx_HAL_Driver/Src/stm32h7xx_hal_spi.o
 .debug_rnglists
                0x00000984      0x16a ./Middlewares/Third_Party/FreeRTOS/Source/CMSIS_RTOS/cmsis_os.o
 .debug_rnglists
                0x00000aee       0x2b ./Middlewares/Third_Party/FreeRTOS/Source/list.o
 .debug_rnglists
                0x00000b19      0x15f ./Middlewares/Third_Party/FreeRTOS/Source/tasks.o
 .debug_rnglists
                0x00000c78       0x5d ./Middlewares/Third_Party/FreeRTOS/Source/portable/GCC/ARM_CM4F/port.o
 .debug_rnglists
                0x00000cd5       0x42 ./Middlewares/Third_Party/FreeRTOS/Source/portable/MemMang/heap_4.o

.debug_frame    0x00000000     0x4618
 .debug_frame   0x00000000       0x38 ./Core/Src/freertos.o
 .debug_frame   0x00000038      0x198 ./Core/Src/ili9341.o
 .debug_frame   0x000001d0      0x130 ./Core/Src/main.o
 .debug_frame   0x00000300       0xcc ./Core/Src/stm32h7xx_hal_msp.o
 .debug_frame   0x000003cc       0xc4 ./Core/Src/stm32h7xx_it.o
 .debug_frame   0x00000490       0x58 ./Core/Src/stmpe811.o
 .debug_frame   0x000004e8       0x58 ./Core/Src/system_stm32h7xx.o
 .debug_frame   0x00000540      0x690 ./Drivers/STM32H7xx_HAL_Driver/Src/stm32h7xx_hal.o
 .debug_frame   0x00000bd0      0x508 ./Drivers/STM32H7xx_HAL_Driver/Src/stm32h7xx_hal_cortex.o
 .debug_frame   0x000010d8      0x14c ./Drivers/STM32H7xx_HAL_Driver/Src/stm32h7xx_hal_gpio.o
 .debug_frame   0x00001224      0xc40 ./Drivers/STM32H7xx_HAL_Driver/Src/stm32h7xx_hal_i2c.o
 .debug_frame   0x00001e64      0x100 ./Drivers/STM32H7xx_HAL_Driver/Src/stm32h7xx_hal_i2c_ex.o
 .debug_frame   0x00001f64      0x580 ./Drivers/STM32H7xx_HAL_Driver/Src/stm32h7xx_hal_pwr_ex.o
 .debug_frame   0x000024e4      0x1f8 ./Drivers/STM32H7xx_HAL_Driver/Src/stm32h7xx_hal_rcc.o
 .debug_frame   0x000026dc      0x414 ./Drivers/STM32H7xx_HAL_Driver/Src/stm32h7xx_hal_rcc_ex.o
 .debug_frame   0x00002af0      0x7a8 ./Drivers/STM32H7xx_HAL_Driver/Src/stm32h7xx_hal_spi.o
 .debug_frame   0x00003298      0x80c ./Middlewares/Third_Party/FreeRTOS/Source/CMSIS_RTOS/cmsis_os.o
 .debug_frame   0x00003aa4       0xd8 ./Middlewares/Third_Party/FreeRTOS/Source/list.o
 .debug_frame   0x00003b7c      0x77c ./Middlewares/Third_Party/FreeRTOS/Source/tasks.o
 .debug_frame   0x000042f8      0x1a8 ./Middlewares/Third_Party/FreeRTOS/Source/portable/GCC/ARM_CM4F/port.o
 .debug_frame   0x000044a0      0x12c ./Middlewares/Third_Party/FreeRTOS/Source/portable/MemMang/heap_4.o
 .debug_frame   0x000045cc       0x20 C:/ST/STM32CubeIDE_1.16.0/STM32CubeIDE/plugins/com.st.stm32cube.ide.mcu.externaltools.gnu-tools-for-stm32.12.3.rel1.win32_1.0.200.202406191623/tools/bin/../lib/gcc/arm-none-eabi/12.3.1/../../../../arm-none-eabi/lib/thumb/v7e-m+dp/hard\libc_nano.a(libc_a-memset.o)
 .debug_frame   0x000045ec       0x2c C:/ST/STM32CubeIDE_1.16.0/STM32CubeIDE/plugins/com.st.stm32cube.ide.mcu.externaltools.gnu-tools-for-stm32.12.3.rel1.win32_1.0.200.202406191623/tools/bin/../lib/gcc/arm-none-eabi/12.3.1/../../../../arm-none-eabi/lib/thumb/v7e-m+dp/hard\libc_nano.a(libc_a-init.o)

.debug_line_str
                0x00000000       0x65
 .debug_line_str
                0x00000000       0x65 ./Core/Startup/startup_stm32h743zitx.o
